rec0b20RnoY9ukEoO	recdTkpiXw3CYYYCh
rec0dXtdewDdpejdC	recQtkM3bU8iZQgo2
rec0fWSfoVqFNb1dD	recjz0RBFDir41p2u
rec0g9MLEDVajIW9i	recAOITbLJPVza7Dw
rec0htKUHXKAXhdGb	recdXR3n0IHLWXSDZ
rec0inrzXyI3Ba6On	rec6Nj7u04w8Snobt
rec0mbvl8AMdIaViB	recxHDZu8Nu2qhFNl
rec0nTS3mtZBNjn9y	recSY45toLam4n1Bq
rec0rTVWUCfYOTkG7	rec3YV4RskW9hlQ3A
rec0rvV3qcWeILDHU	rec3d3dN91cBdZMEX
rec0sOfe7oGJBrxO1	recBRNGcYhIUGsOtV
rec0vmEyZeamRkdxD	rec2appnTMmbbs84e
rec0yGhCo8AzrOox9	recdyJYAXExgPf64h
rec0z4MFfoWebXCN0	recIWk6qwudP6evwi
rec103Dsvy3lvkVUn	recWIJuiO0TsonLcW
rec112EFlZZko49lM	recARf8GNXsoImKsD
rec11lv13RM0DkkaU	recIF746RX3RwLSog
rec12PylKG364ijoL	recD70pNHrMzHn3gA
rec12Y4sW1yK518nK	recd8bxsiM2OAHhWc
rec13I8lkPBa4SKhR	rec71xjOlt9DVXWRP
rec14nE5TX1zeI79z	rectQ6SSQ2tZ8RVdA
rec17P7tTXWFFmV1B	recGhd4LAatasEbfv
rec17eeYW710AvFZ0	recWrrCFFw9zHc6rz
rec18ErcE0X5A4rqz	recQtkM3bU8iZQgo2
rec1AYeGLLdfwP4Qq	recFLO2cnwrKsH6Jz
rec1FQvizGC2xw4rg	recRkow0bT7MFRaxF
rec1Ia86MaUH16q1m	recYo4bMBBx6kK7kE
rec1J9AzkV2msE4Gn	rec4xVswl9wuRidM6
rec1LFbwPtownHHhy	recQpRUh9SuGqaZC0
rec1MiGpIl4Lvajm9	recAMrvzBMQbDquWL
rec1S4kdMbU5bWD9O	recu9x0dFNPqt7QPJ
rec1S7eZfKNQQ3ybp	recxk449sKUbsUyDF
rec1SKk7LLmjDGSDA	recwvaAbXXb3za4SW
rec1WCFY574wOa9Pe	recsK7OoU61xHi9Nr
rec1Wq1fAxs0klnn0	recPCsSheYWrH1Abw
rec1ZG1oiYoeeusLk	recLkCU84lpcGliQ6
rec1anphdASRvKdCl	reclWRP45IoN0dC1j
rec1c183sA8nHIDOi	recW0zFC2sCtezGnu
rec1dfziFsjC11wuN	rec99HiKqclSQtodQ
rec1fc0CXxYahdAnK	rec3B9VmcNiiLiCmM
rec1g5JDWDIlTFLdM	rec8JtgpOoXQDgxvt
rec1gx01iVmcjZaSe	recIB3EiWQPj2nBVH
rec1iZejI5agpKJfd	recPASU0Nj7YyFSP7
rec1jPVNKMCZRJlop	rec89J9fO4KTpFh0a
rec1kotpnniTHxS5I	rectyRdCxn5yc5lUo
rec1kzvUyFs0fji0u	recL6MXlgUdj1azFP
rec1mRfHWXR87Wac6	recIR4rVkVrXbddWx
rec1mkEj9OVaeeX70	rec6EPKD9nndEKvLA
rec1nJioKdlWgLUzs	recY87m03tY3dm9J2
rec1qz6TSrQogBd5j	recCwaGiG01QkStTq
rec1tcJolVBVLaqa3	recAFWYeezZTzae5N
rec1uFWv35zoR28SX	recnbiHvGaSBzY9wB
rec1uwoO5P69WkPqj	recQMgeAmz0aqQ4n9
rec1v18R49Oqj6bIf	recCpkLEPbf4ITkeg
rec1wNtrgDnNwkx7f	recMbCpFuk0bBv7eB
rec1xj2LyEv7QABJo	recCant0teiTPUCr7
rec1yp9XMMqrclmcw	rec6QtHHhHrgEoCTJ
rec1zKgguD1NjP6bU	rec49MvwMct8PIQUG
rec20JaHPqZ94NgK6	rec1EMJHl55PydRgn
rec20sjnI6WdnW4NZ	recPxK92CTlKdVDi5
rec279ZIZ9sswF5hZ	recB3fMsoGyuTkwBd
rec27r7CQvlml6OHO	recnTmzuXfSuvRrs6
rec2Aku3w0IFzY9FX	recdZYQo4nxpkxRux
rec2Cj3D4Oh9giG54	rectecgMwd6chY6RN
rec2CyUgqQom4ik4V	recDXckYDZ5bl4nc1
rec2EqrOQgidyHCRS	recuE53WZC3a4wwiO
rec2FRgrA5WThTVLE	recAWeHPmaih193ro
rec2G9aXp7FZ49WR9	recNQi4bIhYmL4H9C
rec2IprmbmC4Wh8mO	rechDBhDD2D7BGD6d
rec2JvBgL5pc8va10	recgoD4tv32aYvc9H
rec2LL5wem4VBHIdE	recfhhCg44JdWbbCK
rec2MAb2YaxM41aEw	recsnXdMTQMOkkoMW
rec2MmlMoterNCHNA	recGxzX3gWk7v3GC3
rec2NVK50H7AZH54S	recRWrrl78TvJF9MO
rec2Pi9RYLjA1TRSh	recEyYeZUJacMGjnY
rec2RDQOVV4hS26fR	recbJ7PAcnFhRgJ1G
rec2SBnbNgZfSWeLA	rec6RnQosf6wVQD3C
rec2SFe3NA5QBwecW	recm1tQIyHysiLHP9
rec2TjmoUQPeh2M1S	rechCAqx3isriMr2P
rec2UJQSN6LQI9he2	recFLO2cnwrKsH6Jz
rec2WADpUG4JRihPV	recYADAKP1mWKRRmS
rec2bFwH48SnT6vtl	recAlLVaCnwem42wd
rec2bWPrx7QYfu7rr	recWkZw8vCSOxIpzs
rec2bl1Z2TDeyV5j0	recAhda0gjHiIjO0H
rec2cF3GNbQID8k2a	rec0OdK3hBVzL7h0J
rec2dx32CLDis4rsB	recIKP9yGe1oy7OOi
rec2eFvhx93d3kUe6	recabsIwVtBfKJI7R
rec2hAn2GKurDykUN	recboA048WnQDavTL
rec2jD1GwItgKtFvs	reczdv8lO4iJ4OaKV
rec2nTcMmq7BTLvle	rec3BYNgoRFHu5f3A
rec2nbQAj9STnlWEw	rec2appnTMmbbs84e
rec2oJljWgzR3VW5b	recy6HVgoAIYIGLBm
rec2sRre2DGSDqZxf	rec6ox8hQGYCh67Ay
rec2szHlG1fBWcuf5	recO1AFIqf5dw0Wwi
rec2ulaeqZfG7j2DL	rec6C426VbjNCiM0U
rec2vbRlQO5gNrK3J	recAZkFm4fXXroDaO
rec2vwBUV480pREbA	recCAOqE3wNBopeTI
rec2xM6selz1i5EFn	recD2BfIRCLYXFTQE
rec2yip3u2dNDkJbn	recQSIkAHWKsnrdq6
rec2z0mq9CuD7l0FZ	recziS4s45JuvRWsA
rec2z3ke1LcdezpOM	recnkGum3LnU84s6H
rec30IqEv0hpv2sfB	recltGf6AScnIYhQ7
rec31VvUdWUnPdnYY	recs3n2HjYsEIsDoS
rec31pd165UThugem	recHgBPSz3RRaqXYR
rec31uacT8yLgNdLF	recKMl19XuXNCPTvV
rec32mCDpEvFpzzAs	rec9ed2AuklkawcLn
rec3342tAZXyb45bu	reca8X4A7iEiGEVHR
rec33T5Hm033MBoHr	recqYKcsGgQ2ZZDXq
rec36oqm9cT5tFG8K	rec84UYNVZ9q7LYZO
rec397HFSxJ7lkodM	recdtNcZJUIUloCK7
rec3DBke6L388b5sq	recO7PTvqfcdFjrli
rec3EqsKFVwerjRhw	rec6Nj7u04w8Snobt
rec3FFR5bhYQPi6c3	recPaRvzmx5kvQ1yF
rec3Gezill5f6K9nL	recRvFeWx6IiC1Lbk
rec3He4qWw2p6XoxT	rec7Ve2ILvtuhOLEz
rec3IjEVbqntXuytL	recBnjplYkD3ATggJ
rec3MjGWD6ncbivb0	recdLdqHHEBsj7q1D
rec3NF14dVOu7I7kQ	recTujstSN7iLldp8
rec3NHARyV7BONwc6	reckb9ermIKyps19l
rec3ResLccgC1zwDI	recavX63EqJsdJCSn
rec3VQyIoZrpAzDLd	recvxNPCEptkGrXgn
rec3XvrWtdH0KWQy8	recVkMArch0BUxlka
rec3ZpQYtzTaIdyIL	recinCdfSkcBFtiO0
rec3dJBloT7lDxRCu	recSrjGNFR55z2NeZ
rec3dZ689RTGtcFWJ	recltGf6AScnIYhQ7
rec3h5ksM9drFEfHU	recyhj5X0vapfsByx
rec3heQQskYY2juRp	recLkCU84lpcGliQ6
rec3hrTiEI0OPyNu1	recTujstSN7iLldp8
rec3ihXeQtip5KO9y	recd1fnztHKnOOYRe
rec3jF41YrxKwEiu7	recjozcRYMhMnFLuD
rec3lq9rr5HgH8JfI	recp2FR8yXckw9770
rec3nDIkSvjOTRbt6	recQiSA0tz2O1ka3m
rec3pqYUWY96X6ZDx	rec6GbuJIGtGcMEc4
rec3puUBmKEEGhgGF	recbJ7PAcnFhRgJ1G
rec3r53z7MC8NzzQ9	recx9PeIHrRnDxvxr
rec3rTWN6FfSHaQEP	recohohXj3sKHDPfT
rec3rkk6OOd5ADQ20	rec9pMj102u9x8pUL
rec3s04Co7SWT7wni	rec71D1oHYTzhoO8n
rec3sCFpicV6sdKXJ	recJUhJFjzWb8R796
rec3uedpPmJpWZMrO	rec5l22CzjWvAgw9r
rec3xupuKoOnJE25K	recgCTHefb92aMOOM
rec40W7JdkO3zjHS1	recsK7OoU61xHi9Nr
rec40z2eGUp5TTJZC	recwME2bT2R5GLfO3
rec41RJbDUgaLR0nE	recuuzurmjeeCc47f
rec41fGBY54Xl7ILe	rech6DIFTKnjOds1Z
rec428fVJq00BqwFW	recHfeUz3d3y0qER2
rec42RdP4yZEhInGL	rec49VT8E0IpYZAFn
rec43EpMHQaZ9GATv	recgoyJtWD7sTzs8C
rec46kJvDTv16HRzG	recNDMuEHVcNomWJf
rec48Tjot2Imyfumg	recGtaULD3rAIsIuj
rec49xCX5vD9SezBM	recwgnzAOddxggaOd
rec4CBBLKkOAlShE8	recdIdVh0amdWvfqo
rec4CuUxC5DApfC13	recb76tEKbtBpVmwn
rec4GnvXUZQkydqmC	recn4LNjIgguIpK0M
rec4HH8vKZCYzUCUA	recHU4caQnEaBJCtp
rec4IIx36TMAjpucf	reczWUMqQqsAZuvX3
rec4JXmFRVlyh5FIE	reczyF6UtgsGzq7fJ
rec4L3JmoWwBvlJNo	recgLkzv5SnAnQMxN
rec4PUmEPUrdWrkcz	recjz0RBFDir41p2u
rec4QhlSVMMtBfUUR	rec05lSD6p6ElrsIZ
rec4Ty5e62RV90gi3	reciRVIXZl4fVukXy
rec4Vb7aMVfLGMnx0	rec7eIUh96PYhH5VL
rec4Y5bLwPq53yzPJ	recLdJIX5UZ3vdSbX
rec4ZZPNlbFEYT8xm	recZglRlr0WBTl5Ay
rec4ZscJ4ec0C6peW	reckvcZEryCMrQAhZ
rec4a4D7TksKxEpCN	recJNUBNJMxT5dIJv
rec4clMG5vFWHHlHW	recVhjZnEelqju1EE
rec4dEqCkOvLMcsln	recFzxhbfX1krHCjg
rec4egU1StDlwfnJt	reciKGwWN4w1mx033
rec4fRfyrjhBKXINo	rec5HDnWV92HgCArD
rec4fjHwbYsGnVDEd	rec4ta7dDFslJpL4m
rec4gLxUeuYyrTUlg	recogJjrNyru0sPmp
rec4hPpKCDmdPf235	recBfzv0nimkSXOLx
rec4hkCZyoFDAiCoL	recIGa2ulVDQ7sxsL
rec4iXVbc3jiUkJIn	recn4rB0nSGD96Hku
rec4jnFrecaYvLisN	recpjmEgB1DsP3oYR
rec4kzNAVkvfAkqOL	recHxCiGeuVoHqbid
rec4oCqay8JkBcKUn	recpV6AAMsObiULXK
rec4owEEn5CcB25Ya	recHfloCHkLqCj57z
rec4qmJvhvJHClE92	recEaqzG59Q6lpmDB
rec4rvK1nzKftr9kX	recEn9s63SGKGuIMP
rec4tD7PgnquLY9C2	recViS7dqIMVlM9PS
rec4uiWAtUB69nLfQ	recrQTp98IqBmfCSB
rec4vzGXa6HILkERR	recGDegiVw6iT11yo
rec4w4e5jb1Jb3wOX	recHukX0WiiTDukJ4
rec4xcrzZz9PGttqZ	recnBkXuUTBb0BsXA
rec4yOmrHUZlnRJXY	recFbx3sXoGh8AReP
rec4yxJdLFGfaiqZ8	recv3VpFn5kvB5sLv
rec51NnT7ycWKeR4T	recEOqFyvw12XIF93
rec51UD74IJKrh5OJ	recy7uVvmSF5zCLO2
rec51nHTMpTqKUh7T	recv8ShmADfrdg4Df
rec544wtWyvIdgSKF	rec47g3dwhFc31TR8
rec55HkxbBHpiJjMm	recgxXt75Mqd3xUUx
rec56vK32Z9x2cua1	reckcnnyT3dOEuqRE
rec570fPRRsyVSIMX	recagIldKsHJ1MiLw
rec57KW7ebKP3Fsv1	reckcYsAXbpFsde6o
rec57SJ7IJe3RbKNt	recuP50ELy5Up9Jbh
rec57uzv4oIBvpb6r	rec05lSD6p6ElrsIZ
rec5810nDmTIxSRiz	recQyEQAJsByu18VI
rec58secb97Wdxysy	recFzxhbfX1krHCjg
rec59CeCebhU8bbsU	rec9uaO7vwFpAm3vk
rec5ADyM7Nt0LkPUQ	recbOFmO4iYpUgnGg
rec5BAAJHYIDMzsp8	recSrjGNFR55z2NeZ
rec5FSug0giRSX6vx	recrTH1evtMo5vH4b
rec5Fk9M7l357OHKV	recfnMh3sHWvfj7qX
rec5KWKEPb2S4Ioog	recwZfe00CzRRNljm
rec5QVs4uRJzbNd0w	recZ97DEEo29XcKij
rec5RG2qyqolwXzFW	recgdPhgPHXn3sWTJ
rec5RoDpZ4O1o57ea	recA3oOTm9Phc2Ve9
rec5b1gwZYR7E0xUa	recEdOd6IotMLJQ0c
rec5bK1FpC2QyuHZR	recBIdmnuvjmunoOi
rec5d19Wuf4q75Nki	recfneaf5yMPi1aT5
rec5dYgrNEJ4gBJbr	recUSlpLeQEl4W4DF
rec5dq98f4p0P4swC	recdVQdhwVaS9vxtq
rec5eIkrQn3LQdNZA	recLxsawQKcigv0rx
rec5fe8aUPmQz3TIc	recZ1oVenKyzJVspS
rec5gZUOlxwLOUxCT	recrA7CvetQjpzgel
rec5gvY7IHuIjTR0w	recapi1zG21e7j60S
rec5iRIbIYmwRNg5h	recIpVq51hEqDgDMa
rec5jYCcx4Eruog65	recZC0GXpBzem0nH1
rec5kouB4WCSjWkHF	reckuer5nV8QlXDzp
rec5kw2Jj8kzfIxrv	rec9qOFqTDpEjgadw
rec5lKs2Aoyg8d1dS	rectyRdCxn5yc5lUo
rec5n1XcJgPAq9B9o	recVMCNfsiP1WYcut
rec5uDuWHEZL6EgfW	rec89J9fO4KTpFh0a
rec5uRMCwpVltqurD	recVmuYBVfRg5vS65
rec60p087CXrI5kVY	rec1I4plzfQ5wmKlp
rec64s86ZvPJLdEFF	reco5AVkC2nvnS4CS
rec67LknsGxroAOQo	recNS1Zl6JV5wNarv
rec67PN2hfgn26ahG	rec015wZEmqbD2x4n
rec692pw8CHGqx2V7	recNtvYm7x9MCP5CY
rec6A2Zjv3T6ARRC7	recxUeB4OnKgGmJSv
rec6DEiRV7Mhd5IHy	recYvQtrEsMSAoIXD
rec6DuaSgEnSRE5Sf	rec47g3dwhFc31TR8
rec6FIOcbJu6Eokoz	recHhaUArLsfO62hA
rec6FsbazbVXiInfq	recavX63EqJsdJCSn
rec6GeODNaHLS7tjY	reclZM6j2IEIGo3Np
rec6IgcGg3tPQSHJz	rec2OPAKAqDyUmY28
rec6JmGCKcsfUTW1Q	recm1tQIyHysiLHP9
rec6LRwE6qhXZpMLw	rec7t63hxkROO7xHO
rec6MJeyeUKOKaKV2	reca8eVnLBmysS61g
rec6MsI37fuvM7hDp	rec5c8qtbQdDFxos0
rec6NJ8KxANL6PBFx	recKG2IFcrczAYHKO
rec6OCRuRmHFcmgO8	recGoaE6IP10iLCgt
rec6OZ8EoSSksI2dY	recBugg7WFpNf8DL4
rec6OhzuWdEjt4OAJ	reclRz9R7D9s6QLjm
rec6PXgyfssfHnbcP	recZ8HXMOSTkFrHx1
rec6QLlfbx4ZhG3xy	recFFPIvS1xWkKdJX
rec6Qib9O4YXfN0wM	recdtNcZJUIUloCK7
rec6S0t56mhs5h8U6	receHiy2Z9ccgSu2M
rec6S461fgV2bJloA	recutOLaNf6rBuF0r
rec6TUBTPpOWQarfR	receRYKafwcc93FxI
rec6YYsxFh5vaW4lk	rec7ELWbZI8dhNTZf
rec6ZMEzObi5AqX6j	recIWk6qwudP6evwi
rec6aM3vxKjtFPyi6	rec3WDlvl2VUpf6oS
rec6g1FLxRbRT3rpL	recvs7YRDrWqlF6P6
rec6iXWyekNy7g9Sc	recNQi4bIhYmL4H9C
rec6k9NaTR43P4DLL	rec3AX1t38zjVDSvx
rec6kLrbxAUdtb61M	recIuNV2exQcSMmxX
rec6qENbBKA01h7MT	recUSlpLeQEl4W4DF
rec6qY4tFZ4xk7yTM	recXMAJWBz4Suoqh8
rec6r57orTVdX4RAj	recInhdbtiFjWuJfR
rec6rbYKVDAapgnI3	recSAASDWBfj8JgCF
rec6v4dLgZCvEGo9h	recZgUZnNrAYjtcy6
rec6wYjwFPcQaym4e	recziS4s45JuvRWsA
rec6xZ2weeojZpUhR	rec10PzHTXB1pcuEo
rec6zJiXZpY6MVQ0v	recDVCZ7J15Ouo14w
rec70BpkLzE6EgXcZ	recn2BFnc62MHrWRM
rec70oVdeACXoXEzI	recxFzRx4B0cgAED0
rec70yIQqMUttLPO2	recMuZ2FXG9SXOZv1
rec720DGAnClPSS87	recTLmzo2uIOVzn0a
rec752hKtbXk9fjl2	recBrOgUSBELk1bOE
rec76YoGztMdZHja4	recSz7qlVGFBB2Qdq
rec77KHV4DiBbUnh4	recQ2INab6ANWWprp
rec797Q9r5NuodeZr	recseG2phivqxREDU
rec7ARBUesxYEjSsA	recCfIpLb4TiPA0i3
rec7BxDIPfOv442t6	reckCLMZgPjPVLwYv
rec7Ct2tTxqE1FJYw	rec1VB9QsagKigrjn
rec7Dnj9iatHFDhnn	reciZF9ogxlCCogDi
rec7EQq7Dqg1mkxQD	recOFIZY6gCAzpbnX
rec7FaIoGL1bmeLaD	recCdo8sSuY4NCz9i
rec7GfX0MPge1JzLC	recjktsniT905Bvey
rec7J0cz1IZTA45Vs	recfneaf5yMPi1aT5
rec7NpWPfgw58vFXA	recB3fMsoGyuTkwBd
rec7OIDdjUfZtXsDa	receg5hqbUwl5gsH1
rec7PFLEfVFfM2waU	recZA994zpit8aUkn
rec7PTVJR7yGgwIcc	recqZNTCQmr8caaLA
rec7PjqOYKWHS7scO	rec5G43grlQcjRp9V
rec7TgfZj6AW2Qkjp	recGiO2JBdC85U6OJ
rec7ZsXLoIwSGxogh	recnwGro1F9oHT4GW
rec7aGkpiWxQjusuU	rec06WJ3lDiIHLKOT
rec7aMg0S4Jx7SVGp	recpH13eqm3JwXq5U
rec7b6CmbSP3yFocc	rec2S9fUutDumgDyD
rec7cDDOiLN0iVyhj	receUB5lFHwScM9NT
rec7cIYdJwVgnmcQd	recpx44pnYr1xHzD2
rec7dsZqq4qhDs56p	recKKN1obJkdHRPhI
rec7fKxR1XxwWhzVx	rec3pq1YeJb4pYdgW
rec7fQN60SXFRStEt	recQ4v2UAgRRikirR
rec7hD2wY18IHb61n	recOnlmebAXAIpmsy
rec7iBnyTJkhgULWb	recURv8j4sZV3EoY9
rec7pIBqnopBeHMvb	recQYi2XK0edrVfYF
rec7uHr5ZKgXw18bj	recnXYEaPpewtlD8L
rec7viOmSRhpP4f9j	reciOAs6qXUsOq0XL
rec7vpTtEFrBQSd69	recEn9s63SGKGuIMP
rec7wvZ9f8bDiJAV6	recbVurdrVQ1qt31p
rec7xBHUtQKTWcNgL	recEzLFWk5QJHrB2b
rec7z65GO2mhqB4uH	recALTyT593CQ83So
rec80qsLDeFo9LecE	rec3pq1YeJb4pYdgW
rec83d5YtU2gr6w6s	recBA4SVv3hz7FuZn
rec852xkYALqEatne	rec49VT8E0IpYZAFn
rec89i4fnAAQT73ql	rec3YV4RskW9hlQ3A
rec8A3AEj4i4n7pup	recnqk2zc9r7MTmQf
rec8DVohSJYSRMXcV	reciI0OQVJvzLp5lQ
rec8DwCkdlADaDvLK	recOY2ev5Mgz3QxI3
rec8F86AvnAHoRftc	recPeOfMoLWCHMHW0
rec8L31K7vqdDutSR	reccMMVLDvqmmHxyD
rec8Rj0LuyrPG1IKv	recu596kGfFJicjuU
rec8Sf56grrAQg6Cm	rec6QZhMG9ZSx4UBq
rec8U4oBxePOzvIc7	reccjy2HpxF05ME5O
rec8UQUlz9gQwwOD3	recU2WHCaktu7KtuX
rec8XQ3hBhfhDospC	recqMIovC3YvWEXcR
rec8XVmzdfH5G38Oh	rec49VT8E0IpYZAFn
rec8XlTfmWvoDgX3e	recUbarF7ODTtl4Gw
rec8Xq12j18kkme98	recFJYBt3Rv92qvEi
rec8YIUCdtXWipbe4	recPBIyWEmLwI5iMT
rec8Z0p2JRfKrvCv0	recXrwp9rAiBANvTL
rec8b1DopfbJbyiCr	recymzvF0YHtAG2sP
rec8bi6pYnJ0QDVG4	recrBJ9Pg44fhWMY6
rec8dMboP6lKa8peL	recnAmYivjRCdbTwC
rec8eNVPP4cIFgVLz	recf18Gq75JISvKox
rec8eV9LBlPr3qTQY	recUwEPEHteGR8ST8
rec8ekIFWGU5ZEAp6	recj1pDFZ4mvA9l15
rec8fnnX9HDgJLcyD	recV8Ku0LoOtajo9e
rec8iXJMOjLCkiRAM	recwZfe00CzRRNljm
rec8n2rMq50FvHbPt	rec60rxWNGGcQ76wi
rec8pNtcxxXOWeF4o	recKfiAD0SIXEeyif
rec8rwSgUIumwaX89	recNuZaW2ljS48F45
rec8tUL7GiQchff2x	recda4lRBOcNF5QEB
rec8wIU4AYYrndqJn	recefSISpWam9JXzp
rec8wyBTdTrkNi8ez	recYnrkHZqXCE3zdr
rec8x5c2XsgEUypWN	recyKITH6gl1zumft
rec90bZT3FwPjnN4G	recPeGAhNzgcr12A7
rec90hdf5FfUQXqaR	recSgwo2nTESJuSvs
rec912KgV5UQwg5VQ	rec2lYzjnPfUJi97p
rec94JflqEd6h3j62	recWNvVw46RxICXnh
rec97jlTbfAwzXdgc	recixZNEQQlzvuai9
rec98VvLTaWnRHT0l	recYYbwWEr47aXquB
rec9CWrl4QwKGe5ai	recZ6PFNpBRegdf30
rec9EtCBZrJxi932R	rect7UDPaaOCWjGGm
rec9FnHwG2GcgOoZa	recEbXO37hVGHKyXg
rec9GO8YXs8YDX0mD	rec2appnTMmbbs84e
rec9GXqCXIQgZwEof	reccPuFFDGu75MP5e
rec9IJvMwTynjmd53	recISQtf8DJKzATyj
rec9JGuKYIQEF4o9v	recYtflm84QnCkJgf
rec9NwOxvfXGgXKmH	rec9rLgXNs4OU4uGU
rec9Rsol25Yta7oNK	recWbyY6dwUx4aKd3
rec9TMav7cbDMium4	rec1Kh1uM9p3Zt1Sa
rec9UrnNVqRyUyvh7	recQczKNZTMRrlRHU
rec9Vv4QPz7If2N88	recClA6nck9rduKlC
rec9d2EK1dcNAoPjj	recHukX0WiiTDukJ4
rec9fGZM7ESNfiO8R	reciDRUkKexsM03li
rec9gXrGTyUmHTBhh	reczZuPAtXh3l6GdR
rec9hI48SukG8pRGz	recBIdmnuvjmunoOi
rec9hYAE0IeH3nKRp	rec4LLYdi2LsPdcNb
rec9ijcc7EFsqZIFH	recDCQ0menFGk5lTU
rec9lBDSMWdDotnfy	rec7NgKxm3MNqp2uS
rec9mL9qYF74ayo9U	rec71xjOlt9DVXWRP
rec9n08vRCgBOALQN	rec0tJrKQ2ICzX1uG
rec9oTOTLyE5WhNYI	recAEGAIkd7ZkhZmS
rec9odk9tcep4vfqU	recaAaxASctGxNTlo
rec9uGUEtgSs608nO	rectjxrhyv4t7b1x4
rec9vO2rU1OsjLbpc	recNBn21s5WZyDtES
rec9vWqGpF38azT4b	rec7aiPrTDePM3Ahu
rec9w4BXmwTmsTpvT	recSRIQqh0xq7Mek8
rec9w4SqNrY4uB9rd	recQ4r6R7k1cPrFHM
rec9wvjw7OJsfHsCW	recRWrrl78TvJF9MO
recA2A3EnAfLOjhJu	recg4XmCQhPiKobTP
recA5xxYttzSakhJ7	recHhaUArLsfO62hA
recA9eb5ieQjufwXG	recwmttHqvQNhoocq
recAARhKE8QgvCRoW	recuUShIIn3lkdG7E
recAD3R5zGMFSGy4S	recqqoaR6GIO1OJxT
recADLArhQgQiCAQY	rec3d3dN91cBdZMEX
recADOZdycJq6yNcQ	recgdPhgPHXn3sWTJ
recAFUwv5Bt8ijBqn	rec6tFCNXpwvPyppV
recAIcK2JmRP30HUL	recuhvjxnJkA4fQBI
recAKYhn19CGM7J8w	recujZCV5iUq3hxZe
recAOkksbUyUEX5wL	recSAASDWBfj8JgCF
recAQu5DF6krkaii1	recOyuuPkyH8rGWh1
recATRmDKC01xjTb4	rec85Ry27gJIZ35TO
recAUTMzwweSOA0es	recduTsMKBvZmXLFF
recAZOccj0eNckJmJ	recsn4wT8FNM3SfuU
recAabX0WqTjIdWH4	reckcYsAXbpFsde6o
recAbYM2L1uA6ar1M	recYiqw0L5B2DSEqJ
recAd8sB3A00R2Atm	recx9eGiZwLz8QvQK
recAdttO5HdgOerLd	rec8neVNrEK5EIReL
recAeWvPjhCpDuTJ1	recZ69LgJkvxwgRWe
recAg3JZZbOgWr1QX	recQ1VWVI60RNh4D0
recAgdHkg0Y6dFYoi	rec3pq1YeJb4pYdgW
recAghclaiBQ7vLxG	rect6aHIKs0RHDO60
recAi2eRjt05DSxlI	recU0ScoccHHqMHhU
recAiP2HlGpoZAFLB	recqrYMYtrqPjqaKo
recAleQFvBxkMYxjz	recapu21xId399ujx
recAnEsaWtz7KqYOf	recD9PFiSwzLEEedi
recAo6PmgJXPDD2WL	recYjhqGz982roBfn
recAoHL3pnHJ0kqg1	recccHBww7e3UXOmz
recAosyp2jguNvEp7	recBXulUwqqwk0yP0
recAscIOR7CiHTeIu	rec2wv7XOXciJ2ZFy
recAv3kHe3JaXlE73	rec3AX1t38zjVDSvx
recAwOdSKjzpzK4Eo	recukblXJOqnJ3ASM
recAwX7FKHGb7NF3h	recYvQtrEsMSAoIXD
recAwYIx2Zk0IK3ek	recygJuiivh8gX0M1
recAxzkgHnC0h1fsr	recKaa61LRdjY8BEl
recAzsxyIPikKRFgR	reclRz9R7D9s6QLjm
recB0AmLI176DpfUb	recNPauDXOsgtRssw
recB3k1eGfd7GgLzO	recRVE5rpDObZeBbT
recB4IXmp3MrnNNnH	recJH9ZR6tjSvnKSd
recB5RTGuJaljp1lN	rec3bDuB1lSnpCED0
recB5oaFThUVV8UpZ	recg1KwX7IaZq8Sgn
recB7TxPxjAYDJ7Y6	recGLjsUDqfYTwhXu
recBCC4MKaSGoaUiL	reclJ23aJVyZSoxF5
recBCdrcc2ncmUIYf	recBcM50GBiV9WxAl
recBCvhsZcRLPxcrT	rectveGUqABHXG2UF
recBDmotiJlXzyKDM	rec9wnyYpYNiC1zNZ
recBEoRAhIQNv8t5t	recCSdgk1i8pTHSFk
recBFy3fIGGJZCJtH	rec7zlCRlgjFKV7dg
recBGY5znaHaYXDZa	recavw8sJ6dIL8R2Z
recBGdr672wr6Lc0n	recImXKMbTNiiXCci
recBGg1XhY5qdypNf	recAka8ZdTRUzROO5
recBGxKLZb6i0YPQh	recejbaEMi0DkCdKE
recBK7GJLk5yN9MMD	rec1I4plzfQ5wmKlp
recBL8VwOZu1F8Imx	recZ40ile1tAFNIKS
recBLQvNHkqJzhG7p	reccjy2HpxF05ME5O
recBMNNXLeM7rphlF	recxk449sKUbsUyDF
recBMu7G2HBVNNoDh	recoP8WIPDOCOGaJv
recBNXllYqosJSkCK	recW82mHvkyDx6VwJ
recBNpBCDSMJJjqaJ	reciwvszqj88CxEnL
recBOIShhBCs9eOsw	recLntdZ6gwyYPnN7
recBR6miorHSUWvym	recSc4NihwoVgsnsN
recBSNNUWNEsFS2Iz	recoiDbDMWgTY7rPQ
recBUNJRrmRjQhhGi	recUSlpLeQEl4W4DF
recBZsH6o5jn6WMI2	recnlg9RT7gxS5gIG
recBahWRUssycWkFb	recGhfuMLNRpf6ssw
recBbG6Wwef858EXc	reclCEOfSv91AMXQE
recBfcD2jAfSLO6jx	recyGSjYBnHdNgCP8
recBhhQX2xDHiAjvT	recxeTvM7FGPqFqfb
recBl04AUzSXAJO8s	recvs7YRDrWqlF6P6
recBo7sOlGAMRi0kX	recCaDAU5xFuB2ziK
recBoGz3vNvymdU4D	recbJ7PAcnFhRgJ1G
recBwbMq5JB2j7d5D	recgk8sO3BAezvs6R
recBzEbibeWfErGBu	recWFCxwK4aafLrc6
recBzIwPANTHnszPU	rect1Rzl94eQVrzRp
recBzMZ7UMyusbOHe	rec12Narm8tQj7pbg
recC0C1bnuMjcdQBR	recvNlWZmA5kdOicL
recC25BxsTNdwAllW	recXiTA209rIqs0wZ
recC3M3Znl7KYGAxo	rec7WyaESdr504PsT
recC5kqjEMM31jLDr	recfnMh3sHWvfj7qX
recC7cDhPZrVAueW6	recOyuuPkyH8rGWh1
recCBfkOnh1TEsdbd	recif4c6kMQn0CCnJ
recCE1zGI6nMN0s9m	recNpDltDFKtLTDpV
recCEi8bdgqDIL98l	recQFgcj6285n3NIh
recCG5XXffMnnoGU9	recgvEedwfTmMOLcr
recCGRuqTQCBOJwrA	reckcYsAXbpFsde6o
recCHkEExboV7lZH4	recIF746RX3RwLSog
recCRArVZC7sRVtCE	recMkoywoDI3P80AQ
recCRBcAVPXbramf2	recVpWva4ruCmJ2hE
recCWUL63vyQBGn61	recgXAh45jtVFNViA
recCXGRkThexOiTEY	recZpj3fLFHmRgv9R
recCYKx7Ro0nElvfQ	recbAJfvRQ59or5ml
recCYQxT3KEajIlZL	recjqDIQIt45PPsar
recCZDmnRV14DYWK9	recMkoywoDI3P80AQ
recCaVBGH45nveN6n	recQ1VWVI60RNh4D0
recCbH1ElJiZxLpYy	rec49VT8E0IpYZAFn
recCdbOtAsF1wUZev	recI1OYAd45koJWZD
recCfASKJFeWZ5K2o	recCkatgbUVHGQiGa
recCkxR4ewLl0Qf1i	recIB3EiWQPj2nBVH
recCm2Ob85p0TaMe3	recyRb2UPLXrwGslp
recCm7KDwSBJoZJSm	recxo29onEKTpg1tt
recCmYy0Bd7jvyih3	rec9YxEkpiohdV1sc
recCn5Uj1TNfa0Bg1	recR8zcUaZFcxtE5A
recCnz8IYgGIDpRDP	rech4BHVh2UNrG7H9
recCoeHrN6mSJDsqF	recfd0MThXzzqcD85
recCqEM80yHpjWcN3	recyMvIuNRzmJu2G9
recCqdgMeh5iqv9DS	rechDBhDD2D7BGD6d
recCryZKrXgW7BIEx	recAnwIzb4nUGmtj6
recCsrGY4Ntdn5fQ9	recOLYaOWl3E1XlMb
recCtLpwsaw9UDUVm	reckWJtb7L9oySlc6
recCuzLeSYVrbGEOG	recjpdaJod9QBhCc6
recCw9aJlawCkXved	rec2oY8QbyzjJzfA3
recD1Mw8sfqc3zUPj	recHwiw7WcicOf6YP
recD6Nv7RH5wEfg43	rec9G73EI8Z5V0EWQ
recD6XHIg5svLEh0R	receUB5lFHwScM9NT
recD6o8WubDmPjgbY	recSFHWWu7AUs0QCM
recD9aIg4BIFMoPg2	recsI6y9O5BnvXEiQ
recDBpGgZI3ZJC386	recHWSq0nLmyJwT5l
recDCgVFm0ZNyIXzD	recmaF36Wv1ra3my9
recDEnHEWcaEvesyN	reck9MJvteCp2olLS
recDIeEIs8vVI0FDt	recISQtf8DJKzATyj
recDIuaTMnJnZ9jya	recnwGro1F9oHT4GW
recDK3KHUmKsIox8H	rec8jyCUtpTP0GUTH
recDKnhd6bnA0aoij	reczxsTALJM6LCJ2q
recDLWyT0Gn4eJBet	rec00zMzZvDO3smZ6
recDPlnlb9pTdcEj7	recURv8j4sZV3EoY9
recDQJVEpdcN90Onc	recZz7rhq3WaYsT93
recDRCAmMEoTvPQSr	reczyF6UtgsGzq7fJ
recDRWN5g3R5NKgfu	recIC7yRsRf46oBvG
recDS1XNYmrly7rD7	recdgQbyewlSscr5W
recDSqAXTU5Ex8I4h	rech7X58TUAIlpYG2
recDT0RAmteDZMFDd	recF3BvbLQfPfbTZy
recDUNpx3pg3jr7cJ	recT0f5QYCPrzHDRr
recDVNBhyJOjW70A1	recM1CkBqLyKp9dkJ
recDXE586e3ISA93w	recYUOAZHzppWIFdx
recDZHd0uPfcijaR3	rec6yXEXC8o3Clp5d
recDa4qYqqOJoqSEQ	reczCfzj8HEKnK39q
recDaIAzWWk5hJwCh	reckjikGwOWu78rIR
recDah4F3NJlRYr1Z	recj8IQg2eqzWbwPP
recDbqBzCbcg78z75	reciawfhFy0Sm3ZMD
recDcFV0FnfonRHqU	recw5BMtqhf1Q7e4H
recDcOqc6WzRz3adW	recyKp42RqnZSffyY
recDda3WJAMECsy3K	recT0f5QYCPrzHDRr
recDefZOJXxHkfs02	recWisY5mj0qYIuHo
recDgTiQgUmn6WMfh	rec8AuHApZYPcGuoW
recDhC342Mn7iHcZM	recigxxLXc4rKm8AA
recDjcb3qrvC7eo9e	recVGsd6RLxcpnNae
recDn1Mu54iQgfdJp	recEzLFWk5QJHrB2b
recDpmKmAhUQ7WjaV	recpV6AAMsObiULXK
recDrZqkhVq3qoNWm	recmh5LxJfSE3WZc7
recDs7FDRhab2KTuL	recdrnqMRPgWVtpGk
recDtGzeZ8Hcy41pq	recKQJx9lCwt9nLuL
recDumoT00twoDIwQ	rece1u0PE7cvvHPDA
recDw0wXavWEEhPJY	recKiXfqj8u745jjC
recE1tVSOF7KZ0RBZ	recxO6OAScKVqDN4i
recE2CpQkk4rAFfvu	recGhfuMLNRpf6ssw
recE2E3xnMGdemBEf	recpHy5fTxPg5qK4e
recE2HPFSgr6L9RQi	recwONWoihDgRSOg5
recE3VdzCU9rNSwMw	rec3pHtEgFDW29jZ9
recE63UVHFmnuOqgm	recGtaULD3rAIsIuj
recE9iZzjfgOfA9WX	rec7Q78xzpCAXFZKk
recEAvKmgD2fJhlQh	recpxckZBWgaIQjoV
recEB6La22SozM9aB	recBnGFtLoXCBzkio
recEH649ojIS9UUxP	recgWSDvKfW5Cp1dS
recEHjTN0K07XzOJA	rec0kUPwIDB3qHWjG
recEIcTOE2V1jZilk	recaBctZqkyTUYvkT
recEJ6qBM9T38Ziv3	recK7EGND81Yx2vIy
recEJb7LmCnKULpO0	rec2wv7XOXciJ2ZFy
recEKbk4YAkbSeFT7	recGtaULD3rAIsIuj
recEM3qqv8KnPhn4a	recZcitLDbNhpCKAA
recEMKBditleKnU3s	recB7jQtnqACGC9Iq
recEN5Ojaw7PhFUtC	rec71xjOlt9DVXWRP
recENvlm1hNIXdwsd	rec2cxo2bQf6Nn2kM
recESpelVzsg2DlW4	rec5UVE4hny0GRUCN
recEUffIaknzVHwri	recTp1R9W83RKr9t5
recEVPgdrbdJSZLc6	rectjxrhyv4t7b1x4
recEWXaTgd04T0rgZ	rectRhbBu6AnVez7m
recEaX4gdHSQcRuwa	recmk0luw2JiAtvj2
recEc4EZAou61ztit	recnKyIoOjcAI2Sny
recEdevSaxwKkpEdx	recxh62vTtSto0Usc
recEfSq6r4rDq6lMd	rec3pq1YeJb4pYdgW
recEfhNK38NaWmJTk	recQczKNZTMRrlRHU
recEgQI5qU5KGuQ60	recyqQOTHd6OGIYAB
recEgSCVDEowTnDao	recXml3M2TtHSxlNR
recEgzdG5z8vHXfIt	recb76tEKbtBpVmwn
recEi649abOS6MDaU	reciR7wLdPz3XYpDf
recEocRK8OGwbPVIP	recfBOl5mFM2BpCWS
recEqCTgFsYgc6BIP	rechk45vcEigeylKO
recEqjnJHnhELg3kA	recZpj3fLFHmRgv9R
recEvvVch2rwwcCPc	recWWKJ1wuSQ5ILHO
recEwIitaHVsyemRX	recAzKbZmFZ000POE
recEwYu6Re8Y78U9w	rec7FNcRcpOkubMVe
recEx5ZZCY1Knp82F	recj1pDFZ4mvA9l15
recF0BmAgUDWZ2TfS	recBSRYgg6C4u9Bam
recF1VgHbfJMPW35i	recyUoVOJu1VxaGu7
recF2QInZXvEowGj8	recccZP5ajc4cPkHx
recF4JaOlihZMo8In	recc5L2IN73miqbcM
recF4gslK4lOy3DFU	reczicnP4oByhWxPY
recF5xEarg5L1MAda	recCwaGiG01QkStTq
recF7qS7ZB8P4pHAu	recfyD9wr42PSeVwK
recFCQvMuOVk5G9Pj	recSFHWWu7AUs0QCM
recFDFOJ9dLp0nykx	rec6XzWKntpfsfqcr
recFDeKzGYfzOBNfE	recZIlmcZKkiXcMXw
recFEjTZaOj8Z85je	rec1xdCtNf7Sa6gnS
recFFwgqKY0QRThOz	rec3pq1YeJb4pYdgW
recFGRLcjAx3a8u41	recIP6roD7kIWScIV
recFGlP9ZtEPEDXSj	recRBe1Zfh8ZwRO7Z
recFIwOiVobXLc5eN	rec5l22CzjWvAgw9r
recFJMMBWAOibAacS	recs06mNAAkHckPMv
recFKHfi0OlUWuona	recPV5YNJYF94UJjh
recFMdIVxsUJafi4n	recXSVDzZ9WIMO6pR
recFN7lfnml0I5UU0	recyCEm8c36Oienry
recFO9ju0pEIuMxoa	rec5PJBYlviYJwNka
recFOa7Rs2NMkFUKR	recgsDnVf0Qy1h1Jm
recFP1VISwZI783UL	recqxxjuZlxnRobe8
recFQP5Mh6zS9CZQq	recJOvFzZm0IsNbHs
recFQj7YyChsZd1JU	recl2CODxtaFgyWLC
recFRVFPmRhhatN5F	recu596kGfFJicjuU
recFS3MzyWqMf0usw	rec37pDsekrgoiMr4
recFVamJmquMiapvD	recRvFeWx6IiC1Lbk
recFYgr3wnnhwXsZB	rec6d3WGqwES4WZwj
recFaCZJ1CHZg0ihm	recqq0K6ZQ8TXMh6y
recFadS44kz0GdgZk	recHWSq0nLmyJwT5l
recFc7KuNQwQHN9bj	rec3QW66l6g1TkcmX
recFeK6n5FEPV4pmU	recOCfYuX5HGT15UU
recFiQVYnqMFXhaxH	reckCLMZgPjPVLwYv
recFnEojQZDeiRHoT	recuVQU6TfEQPmL3R
recFqpEGLQ70ceqeR	recBGizXQ0Tp8OWeV
recFtSYnBvaSK20y8	recBP1As6tgcyBNIx
recFuBFDrYXNc2GHU	recQeNJjMM1DrnlGa
recFuXx1NYKo3PPWw	recBbWNZXLqEulIfz
recFvqkswk23WywVj	reckFBxNcMJ9tXrRD
recFwGw4p9SXXViyn	rec6ox8hQGYCh67Ay
recFx0dL2G8sICPiT	rec9vJwzEsq9a9KZ5
recFz1lJE7aDM8Grt	recP7fe0bsJ18e1Vy
recFzcZHFCMQUNwCl	recwpWfpLtRma5prs
recG0Vj4aCgKDSpMN	recHE7Gsjg0OyXE1i
recG2GoZJaZyVeCLm	recwKBYuTW0knNVVn
recG32LjeyxKGgS9s	rec5AABObR96UzlRT
recG3M8GoWkYrYCEC	recQSIkAHWKsnrdq6
recG42gpJH9JLPsE2	recXrCoupUDXY1gEX
recG5A4lmlhvW7UML	rec9egi9Wz7esuokN
recG5qpY4UnatQX1f	reciazZ5TAJvEVj75
recG5tRRkk7jw8wjt	recmQkULLTfb0bt4Z
recG7r5vn1wYnuNfk	rec9H9vFvVowac2JM
recGFtTrq06onNqxh	recwzxEo26ovrttoJ
recGGtBvWETIsnADX	recURv8j4sZV3EoY9
recGIuMyIsrcuCvnd	recomSleHYUQ2zfiV
recGJUA0064nMmDuj	recjN6j5CNWpM6cxn
recGL7pS3Cb3jND9I	recoxloCTIDYpXINd
recGRm4xmm0AiO6IT	recAFWYeezZTzae5N
recGSIxRQiPWWQKAt	recpkiwLyzk5psqjp
recGScOx2f4OUF10q	recnTmzuXfSuvRrs6
recGVFBbjvqYnfesw	recBaQpnlGQDYM9Bs
recGXGmROVujIcINB	recROVloNPG41MCj6
recGhAlg1rscQuL0H	recszABlu6LaYqHAY
recGj3vQLjl7WvJ4s	recnwGro1F9oHT4GW
recGj6N4Ul3OkWRTj	recCRmxRpqSqJLAMr
recGjcsoreXmoSrGM	rec3lfrRjtxju9Ft1
recGjtIPtwcqXJnLt	recnSY8kGQo9uPg5K
recGkXQbaRx0NnJQ2	recBWL8kdjPIot75y
recGkxLiNzPZO6M2X	recDLJ9zOvGtLfpUf
recGm7cYcrgGjBztJ	recapi1zG21e7j60S
recGmE2P07zQketdy	recGzsEVXMxaFFn8d
recGntO6Ml1UIaKog	recFJYBt3Rv92qvEi
recGoDzfCxzGYjDHw	recLzDcLZr6ahmm3i
recGoHgBM1DkvNRl4	receuMtJ3ZuzAOfSq
recGpinvGLcvUNcQV	recDLKhZjB7QZgtIo
recGpwkXaMNgfhCAB	recVmQjK8e5OVMNoY
recGqzYQBUvivxqU9	recQFDZUr5j3X20DA
recGr71jAzkSMC19f	recqIZ8opW3hEj8G9
recGroVMfkrOWrI3L	recydvOA1elQ92eyL
recGsDYm85LG7DlQ0	reczLO9HgJuehAZkk
recGsMPuDXAGDmIDg	recvnImTo6tCkV3RK
recGsmd6UJzyo6IaG	rec9ed2AuklkawcLn
recGt327KSi1dtMvs	recUyGe1diY6GO6nd
recGuFai5L9bUlF4v	recpxxZ6HND85BeFN
recGvI76KR6wDW8W6	recgMgvLx7KqBbjim
recGyn53UYEbfvpKr	recRCMO4ueN6yksfy
recH0Hqs2wvjGeS1U	recS0ulEZz5fOG3NN
recH2iO2pWmJWuuz1	recYtflm84QnCkJgf
recH4gIlxOOloNuEj	recLmTkuNJItl0CcL
recH9YCjfFkpQfRBO	recjeC2jj6GBGZRSw
recHAHyf7mtnkWXqs	reciUnb60j4MyLAcj
recHAk01LWJqi9SmP	reczyF6UtgsGzq7fJ
recHCpuDXdWWNKbFK	recbLWmQ8x5J6waum
recHCx61PaVu0s9ZO	recA5UZ7hjghDLJ3d
recHDVb7hmbeM4sdE	rect7UDPaaOCWjGGm
recHDqYX2j8JWHvTt	rec3X5HGjZ23GVC0n
recHGJ7n3pQ4pLE23	recyQbQPmWFBEZ6Ru
recHITNd5TrPv9SlQ	recnKkbyynDyeaRW9
recHIoerUpybd3M1Q	recjHQ1P1scScNAtv
recHL7YEtkbFnfMdl	recwXv8TITY92nJNg
recHLCBdJzxcXQxCV	recfzjaZv46oOztq8
recHPkKuaa91j5zEq	rec15BrtpnrOHhvVU
recHQYK3Io3OlU1TT	recJCKMcXsOweum3U
recHRJNHkGDw9sZHV	recGpTFA6am7U1UMm
recHRNwuudzr7VKAP	recmYtSDe6MoYyOA0
recHRiFClWShwEcVX	recc7ho7dwBFOkQ8M
recHSU2sOEaYiSKw1	recVp7x8OLN5e2ekQ
recHSVKdhSZ3uTiil	recOHvN2rAimEHCV0
recHUsCTIcblrNGdj	rec36shuV2iGAW3Dz
recHV3czMSpHSMFk2	recejPVdmmRIoZ1E3
recHVUPig9I9Su9fg	recKwHw1p1YY1BOqg
recHW8n0Mu62nspCN	recOnlmebAXAIpmsy
recHWcq1lq74R8LPS	rechAoyJYIXk0d9xl
recHWf25pMiRC8yb2	rec6yl6BB8LaDeUrL
recHXMmOQv9LSq2ar	recUYrxhpUMnCdpQ4
recHZGuEKVcmHHt0A	recQeSeJqsJF9GJmi
recHcns0zFRSRWWDS	recr7El7YLrFuRo0J
recHfDFX9MDFeat2m	recHukX0WiiTDukJ4
recHfEPuBGWaNN8FX	recjMfkzAaQwH0qOn
recHjlyLJ9AucHt6N	recHfGRRVwMNIJO5P
recHlDJkJevE07in8	recBOfeYRxY4vJXX2
recHnaEKlRlpzS91d	rec8gOvUOnoQBdedZ
recHq3DjiFYV6TCGs	recPuPFB4NurOg01w
recHq4TUGAa4qQiVG	recfzjaZv46oOztq8
recHqEx9Hbf6cxaOU	rec2lYzjnPfUJi97p
recHrfEkoft9r1L7m	recgnUANPdpERS5a0
recHwfYtNCTL6V0sx	recXk2I6s6PdsPuQ7
recHxdN4TxDsISItg	rec25d0l4Lci3wPK2
recHyhIbTjXm2u9mH	recYdSA7wE90l6dMJ
recI0WqZWjvbtpnM5	recdCFsE9G3NIB0Jb
recI0jP18linhIosu	recKKN1obJkdHRPhI
recI0ux4dp9dwOPl8	rec3LAOLCo9dYB0LI
recI8X6S5hEOmUKTZ	rechl30ZkCijutjzD
recID5BkVyUfIHel1	recuAFMPgC35oYpVO
recIDiIShFDioFtLX	recMecOoVIHuJlnXV
recIFctTCwPyqrPoN	recC7xxrynkKCTtsP
recIG6FSJAguLOST4	recVmQjK8e5OVMNoY
recIGNc1cr0zfac7t	recUwEPEHteGR8ST8
recIKxXgCr07qnjkS	recaBCpYbXPTuQZgN
recIMXy3ymVp2rx2Z	reccpO550Ch6UsjDZ
recIMfMMZM5gisbe5	rec2LzshCIWSW4p2Z
recINOgIUel9B4Ntf	rec6Nj7u04w8Snobt
recIOcvOgUuQHjIHK	recC4px4nkzEJMkor
recIT9iYNC7Y1Ee6R	recDpL6GRogOzW3kj
recITX0cJpswEZ8ij	recZA994zpit8aUkn
recIUIP5egy16mUK0	recQpZ6AOSgQLX49y
recIUPaGmSooF9vua	recJvNS34eUF6WTvP
recIWdKTiMPCk9hnE	rec9cz6smzGzjffNz
recIXJZAckWUBUOHN	recqwKew7ILfYZSJG
recIZqmF8X01dXph7	rec6EPKD9nndEKvLA
recIaP7Ro8VTLVHiU	recVYrhMLok91HsrH
recIc0WisRvkl8pUp	recKpNHsNscYXo30M
recIc4SjGCMRwxX0f	recY7bWBctEkGltcR
recIdhGvHkxm9vRiF	recaLBXeEDxmFnIUo
recIgDQwh5uTwchK2	recuR3xD9dSzCemRq
recIgGEjHPjseLreQ	recRd58znMIRyvuh1
recIgSBonqKCXdkPM	rec5WDEB9AE3z8fzs
recIi8RZIn7AUlBAR	recIvmHskoflhwNXL
recIil8JRyem8qhOY	recfy7DU0skOxojYV
recIjhUTT8mZ0tF0n	recj1pDFZ4mvA9l15
recIms71S2aQFdtBo	rech4BHVh2UNrG7H9
recImxc1XkegnWGk0	recqxxjuZlxnRobe8
recIv5YZr295Ms9jI	recuS7Al2zF6qbVWu
recIwzwFxfAP1BFaH	recMnt7Un6rYsVG4l
recIx77Filr1HjBRy	rec6ln6QjMAOxddXl
recIyBaMj1sQeULvC	rect8X21ZfamFxcjU
recIykS34HQz8dmwU	recP1KWVcnJVMPde9
recIzIUUFW2K7632m	recf0jGvRwcXu5F3z
recJ0zdZDxJMW2hSi	recCZWxThngpaVZeg
recJ2DEequYa1NEub	recvVfsQ6RQZH7l3v
recJ4rlXG6fgK08iY	rec3LAOLCo9dYB0LI
recJ5NmUtUU6FE3Zh	reclLejKlW0YEAn19
recJ5oObp0pFsmZpD	rectbn4i7NpVCuVzb
recJ7MbXCuzABnKls	rec6G9efWaJFjF1WL
recJ8e4R5ADNy3Xgb	recZHZjJaJhHmFcxO
recJAA7GKe9yB3ahT	recgbOdtrBVFuQ1rb
recJAJXrKxFtGj9of	recQSoPQBImskUgnT
recJB5jnl0IRBZMwT	rec3X5HGjZ23GVC0n
recJBnBpDbMDdZaoe	rec1PsPvzbXTpRsr4
recJDTaocEhkI0kCK	recDtSSPxRGHrIjeq
recJDUl2UQRRam1i4	recwVMm4LsxQ2YTuj
recJEFstW5hobGA7I	rec1NnbErxd3yfsPo
recJF4to0iOKdufwy	recmMvZieYU3hhrKA
recJHr8XmZPTpWm1T	recagIldKsHJ1MiLw
recJJkZYokQ23bO7v	recPV5YNJYF94UJjh
recJLNhi8CDLh2a7k	recXk2I6s6PdsPuQ7
recJMJpXRYqro6lZk	rec1l7ADe8niEsevR
recJMXuBh4xDk4t4S	recSmgfujnLdADFXC
recJODrcDk5tjnfS7	rec49VT8E0IpYZAFn
recJR4x6Dd6QLTKsN	recDVCZ7J15Ouo14w
recJRdQN5BejVTRQs	recZTNe2RRZw7fnOn
recJSjiExxCWHg9da	rechvkxUBt2B4eM2f
recJSlt1cHtMwsUw8	recV5pzRjib3gFccP
recJUnz3YEJBq6XrT	reckjikGwOWu78rIR
recJVjnEr1lhsBFlh	recyGyK4pNH6DsR2r
recJVtvf7Qyfb5DGc	recJUSoRBm2eoI7LQ
recJWLUdh2Rt2H7h0	rec2lYzjnPfUJi97p
recJWtjkjDogOltPb	reclgG1tVVjNsG2GQ
recJYTdLxxKdwYVcp	rec7aiPrTDePM3Ahu
recJYrUXefFe2C1Gt	rectbn4i7NpVCuVzb
recJZ4GWFq6Oo4jR3	recjPsqVeeUP8yvRS
recJaLdPFohvXbZ7s	recosEXN18L84Pd1M
recJc2EU5XN1WydIr	recpTB3mn5Q952OmA
recJcbTnj2m3hRD2G	recC534YgTjuc346B
recJdp5haXMWQtMWs	recXP2Gsclsi04i45
recJfi7Ocrgu79DHH	rec9ed2AuklkawcLn
recJhOtdZBplBQrZl	recz5oo0uEZVJvftE
recJldU92cdUXPP5n	recLdUfbeFeCo7pV3
recJluI59tCDJ17iJ	recvD86FEPsGnkmcz
recJnyMW4mnDeJbLz	rec4xE7YeqHN7UtXk
recJpS3EQJRUEPoPl	recpkiwLyzk5psqjp
recJpz0Kcm7OoM2se	recSrjGNFR55z2NeZ
recJqzMHaHSK7iXRk	recBk2RdOwLx1V6EO
recJsr7LwKtWlplog	recZC0GXpBzem0nH1
recJt4lyu5KAz3ls6	recFzxhbfX1krHCjg
recJtE9jHM4N3Fc6F	recI6H94CHgnsVRnL
recJtT7wDqhBO2DIZ	recTeiYt5OdB7k6So
recJvbLGeXr9yjiRc	recPva9med2FjiUhp
recJyMIMs8UWejwHu	recMwrZ5m3ceZzfO7
recJzxOpnpd2m59up	rec2mBImNpjSpxJNf
recK0E3D2xCW8Vieq	recUbarF7ODTtl4Gw
recK0qoFGufU8ySQB	reca8eVnLBmysS61g
recK1aqa2Yu56BnJa	rec71D1oHYTzhoO8n
recK2OSTX3x5uhypB	recr1lriAbuxJtFtW
recK4vZXPTVuxHNWa	recw8XwuV7TlzAAuZ
recK5nskrU6obeyxq	rec8jyCUtpTP0GUTH
recK6L48pYArLlVcp	recIzOMtipgRHAJQN
recK7VhAIZqE2LW9p	recfHBGL9pgXfxPQR
recK8THE9JWrYBZWT	recIB3EiWQPj2nBVH
recK9Az4sMMBz2X0z	recP66UAw1l2IEb9X
recKC9pqvjlXKkKUR	recQQRubeAjKHPWDa
recKCvKCXpX79xAq3	recjg7BJcqydn1nci
recKHdIsyFnh3A53H	recIP6roD7kIWScIV
recKHp6XEntmwhvqw	recZHZjJaJhHmFcxO
recKKHHsp4MGGx7ej	recDLMEwc2s5MxdtL
recKLyP34UAGpUof3	rec1NRlPnWHtM688D
recKQSCAfZ20X1EnP	recBB7mHFwr3tJuqK
recKSoyeAIOquOQtx	recZ8HXMOSTkFrHx1
recKTYtxxLojyfIN6	rec6ox8hQGYCh67Ay
recKTzk1kmat4j1Eq	rec2oKdFPCnTNWCfP
recKU4iFb498nn8Yi	rec1yYXPFymih07BS
recKXdfVeRxuqYZRf	recwd9foR5DFvSug9
recKYPGsuneHY0Len	rec7swfKe1yA7jx4R
recKbl74jvqYi4LVy	recYYbwWEr47aXquB
recKesDjsHM3oFx5n	recw7G2OlEC77ddVa
recKgcxPHFY3RKYll	recLu561oKhLqsCqu
recKhFJfpntK7rvPc	recnAmYivjRCdbTwC
recKhZMlMSWd0I1zO	recqMhOh9VKed9Tsv
recKhvngbi9pyyLqn	rec8UWFveFkAb4Q7w
recKig8kweT0hZDGo	rec9EfVrLRinvFgPU
recKnxymW4NAoTs9c	recavw8sJ6dIL8R2Z
recKo2B8VlZIruyHu	rec2S9fUutDumgDyD
recKqLUOBoQcJAWsh	recUYrxhpUMnCdpQ4
recKrEv34gPjzFg7E	recGB6GGzRfF0y7Z0
recKrnpPDQFubKcLI	recI8a4z0oEhpyE87
recKs7YqBCgt4kQnv	recBpu7dVZcKJFK7D
recKskTQ8Ix5zy87y	rec32Serh5xJdHlOM
recKswncqWwbc4GIr	recYvQtrEsMSAoIXD
recKulZ62ltHu2NK1	recdgQbyewlSscr5W
recKywsHqI2cw99fR	recCCMplfRuZCvt8y
recKzxzcQ2ZpySAMZ	recGInPCxfr2XoohJ
recL11LPIUpDNrW6A	recJcboTgcBfgipf0
recL1FHC0y2ry1OXB	recrrT2440q8iCHbZ
recL4CjUGsKd8aXBJ	recWzPAaGtee95Ojn
recL4U3nJ0v7bTPBJ	recHqrngNOLRPFupF
recLBfTPIZIpKzGNA	recIPd7MqINQiiyqH
recLChvq1REJdeUEC	rectcLftvXpO0mLN1
recLCwcZH5jbtH7gD	rec4RO7Ahfp0igUiJ
recLDHwnhibbFPaoB	recNBiTZjBrjdu9jH
recLEB43BPWEiuhrV	recp2FR8yXckw9770
recLEfXjpEp38QZLL	rec8dF7jmHKBgLjpw
recLEw1A5dUN1shWo	recKKN1obJkdHRPhI
recLGPd5cUSxNFFY8	rectLexYYGgjVSZLg
recLI4eaEJ5wh870z	recy06tZzZEMfupJU
recLK8Mmphb7o9rHt	recPV5YNJYF94UJjh
recLMjf7s8eYQRPBs	recCwHeAJrc0HeqcW
recLQCoalAzfCRwXd	rec49VT8E0IpYZAFn
recLQTGbocgPub85u	recqnqxq1FL9PRLCf
recLV6eSZZ2sPH6II	recnTmzuXfSuvRrs6
recLVY8ZLW5yWE4Td	reciwvszqj88CxEnL
recLXNfX3Bj6XiHIU	recZyFJCH9aJ617r4
recLXPqJh33Ic9eqs	recKbVXM42gnnimQX
recLZMcgimC7ynvTs	rec7CqP2xqtk0aQfL
recLaAB4RzVkCs4qr	recD9PFiSwzLEEedi
recLc5uFqCVKEdhFu	reccPuFFDGu75MP5e
recLdUdsFM7TiTD8A	recKm81nHdhXBqbJJ
recLdkhI5Wa0hbV4a	recOx3PvPWnSiVKcU
recLeLaeaNpfS6T4Q	recHukX0WiiTDukJ4
recLeYrGbNvczitw1	recK7EGND81Yx2vIy
recLiMoNnttdTV1rZ	rectpc0suybvXTZlo
recLjZ7IME2WHea8w	recO464Wd77rX3S6h
recLkylDokeMoYnQ1	recif4c6kMQn0CCnJ
recLoIq3qN46qhXZu	recdPo0UJ8SZcnSul
recLuf1VT8sQCb9sN	recgLkzv5SnAnQMxN
recLyhb90pyNRb7RD	rectvoFGKdHvXRmYI
recLyxQ1V7Wtd5dRF	recd2Jvam5kJfxlCu
recLzZMBwAYDjdnaS	recV8Ku0LoOtajo9e
recLzqdm1GKgsLiQn	recGtaULD3rAIsIuj
recLzyPzfgd630tWy	recSFHWWu7AUs0QCM
recM0XYmoi8ph5L5h	recXml3M2TtHSxlNR
recM0quKNZsUEgvWX	recv8xyg15JFxo1l3
recM1T1QU0T83DTXe	recsK7OoU61xHi9Nr
recM2GjzkCozB45oR	recsn4wT8FNM3SfuU
recM3dlTa4wxDggS4	recZtnnG5yPdPSqLX
recM3y7dAxsaJGLHP	recNseOLQPMZhJ48P
recM5H97N3zCsiXOU	rec71D1oHYTzhoO8n
recM5kzgAhInFsRMF	recVLPnHwhdlSQ0Q8
recM6otUH823Hrw5d	rec0kUPwIDB3qHWjG
recM7Ipdu4hgw1RWT	reckWNQ3t7mcvYl26
recM9diG9CTSUAONi	recHhaUArLsfO62hA
recMA8EjXJNbUlWII	rechdYDvq0YpO1Ysx
recMBpLbKnoIW7ip7	rec49VT8E0IpYZAFn
recMFMRlIqZXTk4aY	recmO9zJiQgANH7SI
recMJMKxIX3TpPq6r	recSnCC86Tln3X0ws
recMOoycfyGLzUXIv	recFos0HY5a1e11cg
recMRt01XA6O8S7Cu	recsI6y9O5BnvXEiQ
recMT68zxnDSGdaUi	recc4Cdds6AwcpvwK
recMUHl2iSzNMUET9	recnKkbyynDyeaRW9
recMUN4ywpQ3lQeU1	recjsuGTh2qfOcOre
recMV0P89OSyCANkb	rec2IO7hu9QqY9g9A
recMVQqmqOPWS2GSw	recDdyaiEDKmVYuO9
recMVRqce41E1BcJf	recyhj5X0vapfsByx
recMVs0OWpFUhdpmO	recMLpJlDfbyQZw47
recMZ0S7T5s7v6wKn	recAka8ZdTRUzROO5
recMbuwV3J2h4Fk4V	recX5dH2iDIKdmU87
recMheYrmQtAfabMQ	recpZLtfHzDzWodsr
recMhu0k8M5DrOZMj	rec5TIaFMkqMnEjMS
recMijygw58s7bRzE	rec6zzHJZXDJflnso
recMjyUv3MFdBtdk9	recf3k8tjJjixTLhq
recMliHBVAZ0GnbYF	recejPVdmmRIoZ1E3
recMoimLVOzJfEGoW	recx9PeIHrRnDxvxr
recMp8AmiIa4Fwjks	recA4kjUfWSMeyhZQ
recMpCsPHeV87XAbq	rec75YJaiEbzkWBBU
recMqMau27rpbHHH5	recnmG88PcUaxBrKn
recMsRdvOyErBfC8i	rec2wvDREYcwLdsq6
recMuTeGlOOqSZofv	rec70CBdoFpsa1FUu
recMwPhVK63dCUNwB	recW2EifVsJonssw2
recMxYYwxxPH6pzFy	rec2appnTMmbbs84e
recMxnG4H0jAf2iTz	recwvaAbXXb3za4SW
recN3QXNLpsQsNMsX	recNxcyipkFSP79pP
recN4YZAMGIUjcC7a	recGhfuMLNRpf6ssw
recN5Y6HzldSe5eiP	recWUUui80m6Y0v7v
recN79Gj4Urfk2Fx3	recm6e46KDcXEYiVr
recN8Fi6eqOsvKLXk	recyGSjYBnHdNgCP8
recN8ecOCtrvNUCxQ	recjHQ1P1scScNAtv
recN9rjIhpbSkOTJu	recZOg936wqcwvxJI
recNAbDcNfnBaEvyu	recPxK92CTlKdVDi5
recNBz7PWvuVhCpKE	recVlD6XG1KIv3Wzc
recNCoVYIvVMn9zU4	recAlgZ7Huj9fZO7e
recNDgIF7kXRl7nl9	recOipQ597wN19eJ1
recNDyJ874NnBZlL3	recImXKMbTNiiXCci
recNFIw8PXdgQsE3l	recP1KWVcnJVMPde9
recNFvxpA6zv2zH8n	recahO9otHsYxCPoN
recNGt0b2426Uiqtt	recGoMB7nTCejZIH5
recNGueQkEOUElBWC	recqYKcsGgQ2ZZDXq
recNHEyXnpboi3e3Z	recgMgvLx7KqBbjim
recNHe042ryZkEZgM	rec7ZqwXrLcATNMW7
recNJlXQmQP6RjxLx	recxTZMdTSQzo5oX6
recNLLEnxRDg1uzvY	receuMtJ3ZuzAOfSq
recNM71RRduttQZt2	recFLO2cnwrKsH6Jz
recNQWc6fp7goBQjr	rec9Q4Lv5Q7ggHA5c
recNQckOpRHhLkN7C	recELBOLCZGewCGiy
recNTGWJi5eSfOIIx	rec0tJrKQ2ICzX1uG
recNUSlcU7bYrN7lH	recgnUANPdpERS5a0
recNVMLpEQveL556I	recI4lxaa2cvMTgNW
recNXZW9cv5nifH99	rec0UE6ubhZBZ6Hsi
recNXn0XgRRwqvxn4	rec5J8FOgKXdrpx80
recNZceB4hX9JiZ8Z	rectuj7TvH7kCoHiN
recNbLUQWvsDJRrxY	recQ8N6orN5Jh9aVQ
recNbVseEBUxtZSUg	rec4XepRUWI5lwEGJ
recNgOP9k7xtp8PxL	recLS9VdInRcZY3vc
recNgaE1cCroTfoHQ	rec7ss7vyRAsHCtsx
recNgb6c6wCYHdc6c	recSVkxv4Bz2AbMRq
recNiWtpMaQHPwwp3	recjPsqVeeUP8yvRS
recNk27NrcAzC3NhK	recGjaEbUfcDSfjCq
recNlFkqe74UEsSNg	rec5A87jHDILpXQwI
recNlIBrtNuIFB1ww	recyR5UVuttnMxj4d
recNlavMGj9DpfQ1I	recIF746RX3RwLSog
recNntuERfcL2peUr	reciI0OQVJvzLp5lQ
recNrNsGtz14VdGfO	rec99HiKqclSQtodQ
recNsqUBlCpWF24rt	recGDegiVw6iT11yo
recNtDIIhHOpUBZ6q	recC4px4nkzEJMkor
recNuqW0pcKCgRaK6	recdtNcZJUIUloCK7
recNvTmsB9MSXNpci	rectKSCkrWHIWhvJe
recNwMC5QKK37cJI4	recvE7eSHxTmFJM5i
recNwWt2uArosCI5x	rec00zMzZvDO3smZ6
recNzFhA32xyOo2Wf	recInhdbtiFjWuJfR
recNzMnCTjEg27xKo	recHfloCHkLqCj57z
recO1WovKQ5fuX48S	rec1Kh1uM9p3Zt1Sa
recO2bJ2cCaPAvIMb	recMh3INJLk77m6Ew
recO2wUk94D9jWZmt	recogaYSmOveKJPM4
recO2y8PaZdWw4ntF	rec9pMj102u9x8pUL
recO4cLpal78LifHF	rec6d3WGqwES4WZwj
recO68Hto5TUebj2U	recekQSOGoSMXnpMO
recO6SQAzkaW1mOd3	recfPc3ZPyRKOhNjw
recO8vWp3OScj3GKV	rec6sVToJngFARtqB
recO9HDOys2zbR5J3	recG5qmW2JpwEuzZF
recOAbugqdDEOjzYe	recsI6y9O5BnvXEiQ
recOC8h0Yq3dV8M96	recqYKcsGgQ2ZZDXq
recOD8EYBYBiEvG5L	recKTOuIGeeEsrkIE
recOFZH1w6XSeEirA	recKbVXM42gnnimQX
recOHbRdD6ZT6z3sT	recVeicWJJaIrsRtK
recOIUa2bldN9hcfL	recqlg01Hagzbwjjg
recOK8YAk0StnRfiJ	recQdFjojL3VFiELB
recOL3tVTyuHy7MzH	rec9caEXcmsKrHgC9
recOMTmVXyVZg4Ly0	reca8eVnLBmysS61g
recOMZ1avvtrRgF2g	reca8eVnLBmysS61g
recONhANzmWubVbS7	recccHBww7e3UXOmz
recOOPUe1AFeWtGGi	recfzjaZv46oOztq8
recOQp3aW4wvRZDJ4	reckIGorChkxvmnHN
recORBcqp57zikhst	recLgrH6XFjj9xZrJ
recOVMW6wdFIQKM4v	recv9MaTshS5LJGWw
recOVyDvyQPi3xdEy	recNd87PNBCynzs8N
recOWkBHWqqah1wxW	rec8EGWU91astAMGx
recOXUusM515M0q6u	recbNohJps69SRds8
recOYENUTJaEiCU50	recAMrvzBMQbDquWL
recOeQ60sw8XoGKNK	recM10gAvpv7iVFu4
recOfCTJMI4gP2TVY	recBIdmnuvjmunoOi
recOfzCgGU0rnNOhL	recYdSA7wE90l6dMJ
recOgoLcYClozkLJu	rec24LrgXzTFRJf8y
recOh7aDop0sx7eNQ	rechdYDvq0YpO1Ysx
recOibqevkQxUrc2o	recptEFsLFrEwwjF9
recOieoUs0SUc6Oz3	rec6zzHJZXDJflnso
recOjPvB27HTY2Qu5	recYUaFLrbyK24Nnu
recOoulcz0ZPFqcL3	reca6vtfWCQdEPhri
recOqH0KWsKAd54Ij	recx9PeIHrRnDxvxr
recOr1TDYQB6Hl2Bd	recqQvie6pfhRBfXo
recOrmmvuXgWeTIL7	recTMZULgKOgcdTSd
recOuTtVubTFfSQ5M	recb76tEKbtBpVmwn
recOvS0cRVERKstfn	rec54EPiNzdB7ByRY
recOveqbMldnHwMXW	receQEQpqgAmpJjeQ
recOwIAf6gVKgBLP0	recy6ci6Mg60z82tm
recOypGMCEjq3uQOA	rec79FcVFFoGIdGj9
recP0s3M3aBVlDcjy	rec24LvdkyIwccVzG
recP37BrMjtlSW6H3	rec7GFzqbaK9LlTfJ
recP64z3ZVZ6z7GSD	rech1JUdY6pBJp6NK
recP6KYSWPOclgYTB	recUbarF7ODTtl4Gw
recP8lPbjtfbIcZ3a	recYjhqGz982roBfn
recPBvq1FpDI2CivT	recf5ehHPlWT580yZ
recPDRQZrju87zAWg	recIfnwxtGz466upn
recPEUrpnkJcqgEKF	recjJJfE1DjGfpWRk
recPF1aL2fJadAAAY	recNtvYm7x9MCP5CY
recPF5niGBxR5TrRU	reccpO550Ch6UsjDZ
recPGBQClg9wzU3uM	recDXUnHh5AQbIYP5
recPGMocJGc0YNRa5	recin6D3Hi9RdnnM0
recPHR4F9gotUgYDr	recILukMOvXqF762X
recPJ9jQsXyfpKTYy	reclHmzRlSyksLHPS
recPJX70Y07dL2C97	recIgVh1LZdjRXgK6
recPNWdyePR59GG4E	recjeC2jj6GBGZRSw
recPPQdb5OIp89lR0	recf3k8tjJjixTLhq
recPTcNbum05mltC5	rectDEdNd06SrBssg
recPU65aRQibgsRpe	recwJql8FLQdrDqcA
recPWaffq2SEymlfa	recf3k8tjJjixTLhq
recPXZ3Pvpq5gLWQq	receHiy2Z9ccgSu2M
recPZCRPal5Zzx9zl	reczjD4zXG7MAk7yG
recPZLOJTo350vzrY	recwd9foR5DFvSug9
recPa0fqE1bftjBEo	recCAHAs467DeIPHS
recPcaM6ufmweAAww	recQUh32EZ49SCnWb
recPfOE4mh0EudtJs	recCrl7cb2MSyIRI2
recPfggh2U11BSHAV	rec3h7sI5cLXmE8FO
recPh3zkgpjYDNfut	recURv8j4sZV3EoY9
recPiZfnuDPuzfQzd	recEe3fhclXCnHzun
recPipc1RbYKXc8wS	recGhd4LAatasEbfv
recPmuSSTTgiXWNMh	recRqBg74L5JHnluo
recPn7LFxvEIZVtrd	recMsv5hyeTPzjd3L
recPqor3LzAfqwtkQ	recRitnfU9T4L8KeA
recPsaNgzvlmeqklX	recj7xEl6LaIcYQIj
recPuf8PjisH2Q0aT	recNDMuEHVcNomWJf
recPyRN9jMoeAEAXE	rec3f0riTGYxIewgy
recPzLvuYRaqscsB6	reciRVIXZl4fVukXy
recQ0pnMfEfNIfvyp	recAOITbLJPVza7Dw
recQ1h48js5FIjv9P	recavw8sJ6dIL8R2Z
recQ3t0Kh9d2KWP9m	recO0ZPZmv6kJwQkO
recQ4xA5E9sQYyjlh	rec57dZZFOue05Q33
recQ5V1itZgl6jzbF	recNBiTZjBrjdu9jH
recQA3DPR6Fdj86A8	rec2HxuRMrLbAZbsW
recQBP4QzDi1Wm1y6	recbdpsGGaPtXDffF
recQBksDfcgFFW2Hr	rec1Pc7h4lekbWKlL
recQCdlSthJLaxuex	rectecgMwd6chY6RN
recQF38t9x6YsG2w9	recDjrcSEBYAT8X2b
recQL8i6TkAPhiVfn	recdokKjooawhX8nN
recQLPKSsZnB4P6r5	recw8XwuV7TlzAAuZ
recQQDynb5NJQXjlB	recw7G2OlEC77ddVa
recQQc2uF2sDLQhOV	rec7WyaESdr504PsT
recQRiySbIYDaLgny	rec7PFPdzI7sJEkPK
recQTdGvA92c6jL89	recKFdcSOGfEfY8bG
recQXEE2FHuQrgH6K	recmiGkYbJAffFJB2
recQXKQ6wl84KVQjj	recKaa61LRdjY8BEl
recQYaL5bZYSzzYoY	recKB8O1xau3eoC0o
recQarFavDiA6Skdc	reclHmimbJp6NFLaX
recQbATz3AzIGsmuZ	recd3yy5GfXACaRpc
recQdU7wMXP3Ax1py	recoBLEij33oLYA3g
recQdelMhMDEE0yDP	recQdFjojL3VFiELB
recQeP73E9LgTtVNK	recukblXJOqnJ3ASM
recQgXvI3Kor3Cban	recw2hX0piu0cHlT7
recQiJDCnGWrq7vAN	recgXsrroAFhLycAw
recQibn9lHQwUXmix	recHtp68gMSaVTH08
recQjHBOYvU9kKkmD	rec49VT8E0IpYZAFn
recQjTtxvp1nkUotR	reczHTQ1gEeKWarpQ
recQkMY2jiqZSyh8g	recKSQpHJjZwMiwMo
recQkTr3pN3I0V7Xp	rec6TAXrnC5pxK9kK
recQlm224IPJuZiTu	recHWSq0nLmyJwT5l
recQlnHFiWGNQboYR	recEg9F51QAJyyVFP
recQm25gaDOF9Sg1G	recKMl19XuXNCPTvV
recQmQWztPLEQFSMa	rec0OawOpMOYbAIhB
recQp8o8nn5OeDHno	recpxckZBWgaIQjoV
recQpaeMextMPUe8y	recwRaXPTZjhQH0Ai
recQq5rZyAGNeCUvV	rece6IS6dMbuDeRNZ
recQqQqFCFswdU3dx	receGXAJy5ss8O3qv
recQqhc747it3i9PZ	rechdYDvq0YpO1Ysx
recQr1cs6AZgWZhx5	reclItjHC3AqZF38Z
recQvOkLpNqsrKqQM	rec9vJwzEsq9a9KZ5
recQvRuKWx0MOVJl0	recP8OMkm7SZGAGj0
recQyMQQNola6lI5v	rec6vVvaB1Wv0MJFC
recR0UEdnPftQVNTQ	recjPsqVeeUP8yvRS
recR2hntLwFfeMQGG	reczHTQ1gEeKWarpQ
recR5HAZOaHkLYcV9	rec72HlG8mh6SUZ1G
recR6YPmskLTCBacq	recjSkPBC5jEyhX4a
recR8TsHNfJyb2O8l	recjeC2jj6GBGZRSw
recR97BBgIc4S78DX	recxZN1RYWToBG31F
recR9BuxwL97Tgsfr	recHWSq0nLmyJwT5l
recR9iTJ5XhwVIRfl	reclRz9R7D9s6QLjm
recRGNlyawkH0K1Ak	rec8FohbIhK5C4aH6
recRGkgzoBWgerqBF	recSOzSXO16IWaoP3
recRHXX8cBE1Mhr5S	recdOIWVuxES5iQU0
recRK4JVx51SnNUeu	recDmT2M9ceMKmGa3
recRKDU52wPF9ICEQ	recAlgZ7Huj9fZO7e
recRKUZXZdlqBzGeI	recrzCLM6NpZQqBc2
recRLL8qHDYd8eu6D	recSOzSXO16IWaoP3
recRLVCtBkZyFk4xD	recGXCv7IL3SXFrhc
recRM8jfnwtCBSi8F	recK1J6GCBoqmktbr
recRMx8HzqHabxzih	recwONWoihDgRSOg5
recROcwpvOCrRWtp9	recY87m03tY3dm9J2
recRQATvr1rdFcN4i	recjqDIQIt45PPsar
recRR3nmn0UuRl2Vs	reckjMdkZCzuM5s6J
recRRyvMKp4Tx7aTr	recZ04jdD6knKTwQv
recRSJcwcP4opdi5j	recNeoZcF2QNRAKPR
recRTefd10Il5M9a2	rec6jpMUlQaYi4kVh
recRUERh4SSLXkUo0	rec12Narm8tQj7pbg
recRXZ3n0yS5HS6v7	recT3NYLZG3xYiW0m
recRYFCkQSvT8jBnK	recahO9otHsYxCPoN
recReeepRM5sDAotC	recSz7qlVGFBB2Qdq
recReeglzJ76b0QwH	recfcVNGx1VP8lCe6
recReylkdJbZNqCi3	rec49VT8E0IpYZAFn
recRfCHd1MYUMHAyG	recFuuElAROQw5cqQ
recRfRY0aYbh46SDo	recL1ea65NIXIVceA
recRgKi04KboXsA1L	rec5Pb0cpbATfbiDg
recRgpfFYI5DcxDYc	rec49VT8E0IpYZAFn
recRjDx7kk5F1P324	recvZ6DfEZshSLfE9
recRkhuGGkUAlONu9	reccj6PJuJRCKNziU
recRlNeuAUaRc0c4x	recLTir3vFUV83UUf
recRm1PE6t23L7G7N	recgnUANPdpERS5a0
recRoGodFRDhOn4Yk	rec35l1JJDt3t7uHc
recRoP5fLg6hgMSaT	recn9ycdOOZfjBq1p
recRomHA5JRUlCpA3	recU696kuau08jLQd
recRqSmuEtb4FYq7w	reczHTQ1gEeKWarpQ
recRqsJwZXy9Uz0Yr	rec5UVE4hny0GRUCN
recRrduqFnG6g4P4M	recLLr1jalzRaxC4s
recS0CIsvW1rFN7Sr	rec68lOzFGJdXgPDQ
recS15fKCvgJoKu3f	rec2LzshCIWSW4p2Z
recS27CdUymeIeUqF	recrQTp98IqBmfCSB
recS2EqGsWEzmmVAH	rec3pq1YeJb4pYdgW
recS4RaOhnEz3nDKd	rec49VT8E0IpYZAFn
recSBN2rHYoZwOFGT	recCFvfcCMsTOpSu2
recSBOlXE7nkPHDVJ	rec4e89vIkyJX64of
recSBReYNbyzn7O8L	recpx44pnYr1xHzD2
recSBqdCafLPtIIkt	rec8scZBDa5mYMSEi
recSFvgwcXJYIvY6n	recE57Vfzot7CEWES
recSGB0UoMt0tV373	recEaqzG59Q6lpmDB
recSKOVnQeyj0z8Eb	recCueiTlr3CJUTd7
recSNpdajIF0pECji	rec3pq1YeJb4pYdgW
recSO7I0sgbLxE4jD	recDxI3RUxRvZ8RNB
recSOC7W2X6edmneH	recKde4jISZWToHkc
recSPSijYzy7wBzE2	recEOqFyvw12XIF93
recSQxaCuVlpbpsek	recvQd3FW1CKCE2Z3
recSRfoRus9FyoI57	recqXcrK2diFXyVku
recSTmKMjH7VW4yzq	recTIUOXS2HSQAdA0
recSYCAVK0NKiYdlK	reclosRHD3qIncGLE
recSdqSwGMSZJ1BBi	rech7SbbpWiYWe1w4
recSfhPpYtcotft0w	recwzGigllaLhRCck
recSjoSXvETtcNLEJ	recKHUxZT3LAjTHB7
recSkL6cmBvQDdl7S	recxFzRx4B0cgAED0
recSkdyKuMdbygAPe	recY87m03tY3dm9J2
recSkyt0uswyf8UGY	recekQSOGoSMXnpMO
recSl0FdV2GjRaOaO	recREjXVTFmok35fG
recSlIQncxsxMYydO	recSrjGNFR55z2NeZ
recSmKSIYkR54RWB2	recfyD9wr42PSeVwK
recSmR9wukxJeLSx8	rec7nGqdEF4VGHfnu
recSmlLQjilPN6uDa	reckcYsAXbpFsde6o
recSo3nDxmiWC1O1H	recFGn876Qs2jGluj
recSr91CNks4gYkTs	recgNPnqN3NX216xY
recSrWBac9C21DJy0	recfKmwsfSCNJmbaY
recSs95wX6WNS2LQS	receFQFhIiQPs4fvV
recSt1NRlsvGyohTW	recsncrPnbwJJMj6Y
recSw0IClo7S4Hbyv	recQ4v2UAgRRikirR
recSxBK3oVXRbFfpa	recvrOocb0puLGTXp
recSxHFV8Ibr3acOn	recrl4meqp7TYyHAo
recSxlvVVo2kE9iHs	recy8VilJHnqxNUmr
recSyALTbMQMhkzQu	rec6IOYVOB67CeLWy
recSzcB4tSAGRCgxQ	recZ6PFNpBRegdf30
recT0U7oN8ZGQiQv9	recyDfbAuU85koRkX
recT2dspVOkRFUfUe	recv8ShmADfrdg4Df
recT2hyH7gAAujZuk	rec3pIFECw0urNbKg
recT61OcEsqyKgvs2	recUoNZ28UeAlq8gR
recT7h1TxiYoSvZCJ	rec7C27TbY5zHBUrN
recT8c1Rin2QxK1yL	recRWrrl78TvJF9MO
recT9zi1hHgyvleaV	recIF746RX3RwLSog
recTB8TEqjm7GTtQj	rec8FohbIhK5C4aH6
recTBJ9zYK6u6S4Sk	recfXpZdDrC24dYXK
recTDvN9BrYiOdJOP	recZ8Mu1obgkzVHOi
recTE2FY6RxO75iQH	recTlYfVNKksVUtDc
recTHUbht93D4AF7Q	recdgQbyewlSscr5W
recTLKQj6T4crRLVS	recrUDWpAVDaosScj
recTMSrxGxHGWi7yq	recZqwhipM0gxkpYD
recTN9moyrHg7gK7g	recvAq05cXpelP3TZ
recTO2KdKvVsOH2r4	recEi5rpiDbotSmDX
recTO3d7o9xH6pfRJ	rec76hU4o27nASm56
recTP6nN4uFsJ3SVp	recJPx7LiJ20YB6Ll
recTQEnFH1EMCqNkA	rec7ss7vyRAsHCtsx
recTSvKHUuMMsug9O	recuma0qI6c1Ndffl
recTT9HEITMkskB2M	rec8CGnnAUgIQI6Si
recTTvcbiZmhczzEz	recnKkbyynDyeaRW9
recTUNrYs0rw1XlFn	recHhaUArLsfO62hA
recTW26PtDndWmgjq	recqAHavmWYB50Hin
recTWiXVgYv8mldce	reciap1MA0v6FWJJb
recTZnUwkPXwwQH8Z	recbD3VSut9NTLsa7
recTbuqS7ssaPY511	recmWpetarBw3LDR3
recTcvLxqOCXvbxjL	recGhfuMLNRpf6ssw
recTdzsFZqExLWUK2	rec36ouyRYLe6BTm1
recTegIlTwoOer03U	rec5Xhuk5sROuXpPd
recTghapoHGkjHSg0	recsecUnUNMCdHdaH
recTh5ZuCqCCveseG	recOyuuPkyH8rGWh1
recTlNxGIt1nZB2cj	recQ8N6orN5Jh9aVQ
recTmWjqXgYY49FRC	rec4lC7xDnXMf6fP7
recToBHFIvELeNhst	rec85OX8IhwgNhro5
recTpQob1p4rtNpQJ	recoqwzJ4OS17qvNT
recTrJeQnFCv2jOK2	recYtcCPmU86l7vMn
recTrVIn34q9TF0YV	recqzQCrsiIVbM60y
recTu8BPs1UYJ0U9H	recbD3VSut9NTLsa7
recTutUHyDGVRRDS5	recZ4Wtpco72weXjU
recTv7bMxNcrbx3te	recpeebCA54JseCzh
recTylspUwze9Ap2b	recGhfuMLNRpf6ssw
recU0NKVTYY18oaqn	recMh3INJLk77m6Ew
recU2yDmjos3JFtlP	recKRsK5NDOXQ06g0
recU3GmmKwrTmpMPw	recq7IFuluRp5B77K
recU4Zd6euK3kT4mF	rec8UWFveFkAb4Q7w
recU69S0AloJ6hM8o	recOyfSTPU5KA1XNv
recU7LPJ913UiA3J4	recn9pRBcxlzneowL
recUA7PaHfDjSawiR	recx5qVMZT19pY7Or
recUEX5nnqxlm48TX	recEpNWHvJ1q3Uk9S
recUEbohmGkjVBRKj	recavw8sJ6dIL8R2Z
recUMpSjKqlvtrDVW	recBpu7dVZcKJFK7D
recUQA9L1vky7lI5T	recYAn2dgIvCXtmZn
recUSmG6LkBuNmX2O	reccYbSEH6toosvCp
recUSws5Sjps9rf2L	rec4ta7dDFslJpL4m
recUUHqzzZE8ee5nb	recvZ6DfEZshSLfE9
recUUpYCRaArNhHxb	rec49VT8E0IpYZAFn
recUZ2rc35UNGhLoz	recr4nOj9fdtC2a42
recUa3jGo1brncCwL	rec7Ve2ILvtuhOLEz
recUaIVbKRwSPtDzj	recWNvVw46RxICXnh
recUauFoOvrb7neN0	recSVkxv4Bz2AbMRq
recUd3hByY3g65VI9	recExW1WzOY9fbbjH
recUfKgy3s0l31pJI	recoKdvp3nay05TRn
recUfvWzVTcWZ9IYe	recicj9vrSfiYB9O0
recUiMQYtuvEvxOg1	recMm4PpYeZLFwg4B
recUjrOjvtzb32vP6	rec6Yx392BRCE8YA3
recUl9kL5fVMfMGQZ	rec2S9fUutDumgDyD
recUmiLJWNeKhAFdQ	recapi1zG21e7j60S
recUqF6LxRdVxmvwO	recoqwzJ4OS17qvNT
recUuABWLfMVCxWUq	rec2TWbUpoc3jwp8z
recUzVSdW93ogxzdS	rec6zit8YZslgmieA
recUzePteathrAUBZ	recWM9Q3VXve6FxZX
recV3Wh7H86GdC5of	reck6gYs26KFzZw73
recV7nSrY9kuCv0lQ	recRlNrCz1LhHMGlj
recVCwNawFdl5l8dm	reckcYsAXbpFsde6o
recVEAVZ4Fl3P9Oxf	recKRsK5NDOXQ06g0
recVFD98aSSDEXHS0	recenRUNearwMC3DC
recVHAK89MAxZ0618	rech7F0NgjQxRpvUB
recVMkL1A80zw6qUC	recPILfsj5G3PwtNN
recVS5vHCZ0gsbruf	recRCMO4ueN6yksfy
recVTBschHMHWkx0Z	recZkhzp47yVqAvVB
recVW8Q3NIiUw4mDK	reclGMCXICMsLkXe0
recVWrJcigXnNo4aE	recA9wbzlvbHc9G9t
recVbbzF47X5VOV3z	recHgBPSz3RRaqXYR
recVc8lklOdfITz4H	rec1qp20ci4hiCFlB
recVcnxduhteiuGHv	recZcitLDbNhpCKAA
recVdFL7eFYEqWRDm	recYxwkemAoMjBnsZ
recVfKppsvk8AAPoc	recwep6InquSrD1pM
recVhwDqfIJbPa5bA	recqq0K6ZQ8TXMh6y
recVidBWiHipywZon	recJw7zewRQPtHnwm
recVimajrA7hxyuc1	rec5xD0887MdXkCLe
recVkmAZUgktt8qn7	recJJpKQ5xoJhRHjN
recVnEbWpqLlR9pIk	recf3k8tjJjixTLhq
recVob3s6bMc4jthM	rec03b8Gx8wfjHJmX
recVpjWksL2hparjv	recMFC6aDltwX4mKt
recVrasf9R0Yj6yms	recASEwLoKvUoGZ7d
recVrb4uXJrfjRNN5	recCo1w5xImTopzQP
recVuQWsceDFrTzz7	recOnZWWha4HTUqPa
recVufKtcKPfsdrZz	recQCcqrgXQPo8l5v
recVvRVCcBLLNqSNa	rec1q5VgHiiIYps90
recVxXSXG8CsSaIBQ	rec0jy2e4o5Te9BHP
recVzdpLoQHL2D7FM	recMkoywoDI3P80AQ
recVznz68WEBxLdoH	recarLCIiEFELSwMm
recVztHgVMRGxrbRa	rec3X5HGjZ23GVC0n
recW0JDr9cmgLYsuU	recwyLqvnW19GEGd7
recW0YYFixepllXEW	rec49VT8E0IpYZAFn
recW67kUsaX5Evq42	recfKmwsfSCNJmbaY
recWAfgFfV8yA3kZI	reclgG1tVVjNsG2GQ
recWCQl5SgtTPcxts	recj0zGYxJurWh2kF
recWDAt0M2zUHFXJV	recWrrCFFw9zHc6rz
recWDJd4ECpbS7t5u	rec3FWn8ANa8r70dF
recWEmSiVZrEC85FJ	recx9PeIHrRnDxvxr
recWFZnSdzlmXRZdX	rec3BYNgoRFHu5f3A
recWKZdkwPDe2ooLu	recI9s8DYcVkFMFZa
recWMRiOjd9YbjDXt	rec0tJrKQ2ICzX1uG
recWMpXBkNJ2T7WZh	recr1lriAbuxJtFtW
recWQM9e7Xi3cyYMc	recAZkFm4fXXroDaO
recWU9xBdexBWtHSn	recuf9ZnGceyOIPZN
recWXNFckPbFjMdQl	recwUIcA1Mvd1HOqe
recWXXh2KMkVUXGwA	recgXAh45jtVFNViA
recWYkY3QveXBpQJA	recbX6cFpuTyfgWhu
recWbgiDYO7p1T2E5	recnbiHvGaSBzY9wB
recWcyJ1NOQxgPqPW	recGB6GGzRfF0y7Z0
recWgvcORLLBaUHMe	recyQbQPmWFBEZ6Ru
recWhjXDo6a2RnUJH	recPGFp4B6FYnQop9
recWikPAeYEYZySz8	recXml3M2TtHSxlNR
recWilMslvxc54C1x	rec49VT8E0IpYZAFn
recWjbQ7cYvUwudZc	recHfeUz3d3y0qER2
recWl5wtr1e8lpH6I	recuk1aCe4K5VWgit
recWoM2SWmjIqbxLn	recjD64no4wzkDDgZ
recWoPdYLHKG28nAI	recw7G2OlEC77ddVa
recWpAnK3BFbhfgvY	recjNbZsQJ2S4aTbt
recWpCXxS1wMxRnVz	recGhfuMLNRpf6ssw
recWr18JA3dvC6axb	recFzxhbfX1krHCjg
recWtZ6qasD16vG3M	rec6nKfrkbwJDDprP
recWwOWSa8CAYWEu6	recY5GhNCXcOklBbH
recWwgWNtZgFwhJSp	reca8eVnLBmysS61g
recWxN5ea3n8YZ7Dt	recTnpTWagdlOYWX1
recWxi0OIqlmya495	rec9pwZOKNpitgvkF
recWxl0Txpe5zDNgi	rec6nKfrkbwJDDprP
recWy0nwSVQtumU4r	recbAJfvRQ59or5ml
recWyIs7jl4GRlHFa	recuP50ELy5Up9Jbh
recWz46FPiWTcQNTX	recU5MhsWHqE6yJnk
recX0hS0Xcil6Kfry	recKCn6fq0QVIw1nn
recX1Q2bvAvQxYB5j	reckviSyIzOM2GFPb
recX32VXSZN2KsAPw	recqxXLZp2D2pOz1t
recX790z7CuH5c3RM	reczPTerVPu2xgcQn
recX7GU6sApjNmJ3V	recWIlSGgnL9mAQAw
recX9OlrraFsGPG6S	rec4u12uotsrDZdeD
recXAUgVnVp4qyWO2	recPuPFB4NurOg01w
recXDgq9SkRAItchm	recj8IQg2eqzWbwPP
recXEwHnha0juNyG0	recHcfKmMRzB0H7vP
recXGZN7qa67erdtO	recaBctZqkyTUYvkT
recXMt8NF3IHKWmlo	reclXKM69kyQtVomy
recXN2kKKCntUnuqD	rec89J9fO4KTpFh0a
recXR44I1q90172fP	recWpagI2BgdZIxW1
recXRuDp9xrlXIMHo	receHiy2Z9ccgSu2M
recXSAafeHaq5znDl	recgk8sO3BAezvs6R
recXT2ElcQbJUN0vD	recoN98g3ZlPfCBpK
recXb2j2SrbwAjy91	recAHWeZ2RyZCROrc
recXfMotIpQ0Ob0KH	rec0iOzPWoWI4s7Mi
recXjRCSwdMhinXz2	rect1Rzl94eQVrzRp
recXjX6L286Lymqe7	recYdg87SYhwgltLo
recXmITsqgmgRmUey	recqzQCrsiIVbM60y
recXnVUHryG5fdEOk	rechk45vcEigeylKO
recXoyk1nCAZdGd6m	reca8eVnLBmysS61g
recXrsv0ihqdJd3Wb	recZOtR4V4v58yZjk
recXthZlSoazGO6om	recv3VpFn5kvB5sLv
recXuxqeVGsNloFBB	recfAvwTjw7wrmLjU
recXvbYSuLLyrAB6a	recGq8K5sWoGPKV52
recXxsezmwmRikDYR	recAIQdMpHPumcGuq
recXziCFvCoFoMmR4	recDjEdXIDB0c9ylp
recXzlknB2Ccxq9B0	recFzxhbfX1krHCjg
recY1N8quA68m6D3j	recEKPIaXWZyIcwbG
recY1zNpOlpdDy56f	recoHQUGmmgHkBj05
recY76K5EKrV0neWb	rec2S9fUutDumgDyD
recY8P97WEXULo8GI	recp5P77nHGz6yGA8
recYAMQFlTQRQVeqH	rec1yRRHlOmo7aUur
recYAliwcYiWphTgD	recjN6j5CNWpM6cxn
recYB5y9l04ibwicf	rec4bw88c3iaijZLB
recYC5ROBz6lMhfhi	recj7xEl6LaIcYQIj
recYClyXPPEQCeApQ	rec9TIKzlIHsmLkUQ
recYDPsrlVWBMH5Kt	recOyfSTPU5KA1XNv
recYDoqtbpTNCDos8	recKaa61LRdjY8BEl
recYE8DDYOkceBODY	recfzjaZv46oOztq8
recYFFu9tC6DUmSV7	recX9gICBccY9egx2
recYFjBal0zPXfFIe	recjgWoh7uxX9dOQs
recYGduqxbdGwtPHp	recsQ73RIMWfQXWVt
recYI7oLPBRLCOrDg	rec2cxo2bQf6Nn2kM
recYM212bkMtoVApf	recqzQCrsiIVbM60y
recYNesidP2XMYwTX	recgoD4tv32aYvc9H
recYPCyNYRsqYbogB	recM30WigY6HEHPgq
recYPHAnJdRUxcRBG	recohohXj3sKHDPfT
recYPoz01rS1wXyMD	recfokqFdCv8ipdb8
recYS8frDcqVUal2q	rec05deTlR2RYqhQk
recYT5oOjyVRH8976	recbD3VSut9NTLsa7
recYTpd7HMNFlOH9S	rec8uqq2zWsA4Xr4q
recYTpqD6cPPuW25w	recgw4grXkdOnvAIn
recYVIcvLWW35mHbl	rec5PJBYlviYJwNka
recYVXsj6zlM1MSZp	recrmPIARxtnCElyn
recYWcUxsjLvO8ftk	rec49VT8E0IpYZAFn
recYWzJaWo5FPrdye	recL2DtIAfyTeGpIX
recYXkjGEmiS7mePN	recJe8CERRQ8ZuIXc
recYXql9agfE7fLQk	recfzjaZv46oOztq8
recYZK1If8vit0lO2	recRkKpzvxuwC0Mqm
recYZliZtZMFybWM1	rec60rxWNGGcQ76wi
recYZqBGiqR4cfHZt	recyMvIuNRzmJu2G9
recYZw2MyXolnj38s	reczU15etPZ58WeiQ
recYbZOXRd6c1KcM5	rec6G9efWaJFjF1WL
recYfx6pcbjHJtiZ8	rectyRdCxn5yc5lUo
recYgkw9KlSogE5B2	recAMrvzBMQbDquWL
recYi81T7uXyY1kGk	recvs7YRDrWqlF6P6
recYjICzTPcdrqvQ4	recmRocgPWa8a0ctH
recYjWxOFc9zQLKKv	reca6vtfWCQdEPhri
recYkC9DscC7LfK6h	recv7m9a3FqJDJfc0
recYpdocoJWUxZk1p	recGB6GGzRfF0y7Z0
recYqcF2nwFsDY2OH	recCfIpLb4TiPA0i3
recYqzMMKCxdlghLR	recrUDWpAVDaosScj
recYry96FAkYCdEBt	recsU5TPWTKocL48m
recYs6jGpEaGVSkks	recBcwIZTLhhCuvzt
recYyBBgdYqVdDUPF	recwLQpG8dbIGtu7C
recYyMdqy8KdZ15Ty	recyrkVaAsQ1SQDOI
recYztJxKanXYL76b	receAXdnwv43aM0Lv
recZ1MJkt3vxGmgsS	rec84UYNVZ9q7LYZO
recZ1XdC8UA3F7YlF	recCwHeAJrc0HeqcW
recZ4nxnwNekeVAzC	recg4WdXGZdEW95bz
recZ5Chzh4pq0sxUa	rec9ZoBuVe4YCfYH5
recZAxhfJvR1H8NmT	recbs5i9zahrecLfe
recZDs41j5akZHwP2	recxbx7f7NXhRGmy1
recZEXZHVHrusVIzR	recyuA2d1br6gRboy
recZGFKp97RZDF90s	recsK7OoU61xHi9Nr
recZIu1GLXL3b3Te2	recvty3s0f5UWIObW
recZKnDNj3qM5QPsw	recLntdZ6gwyYPnN7
recZKtAi8LYJT4dPk	recsOvxMPOINT7hDz
recZNgPANZndOyvtG	recZUq0aXNXjnkzZi
recZSKGvWWfqzAOqX	recW5fEWQ2RWgwJyP
recZXmyPIrlGrCHVc	recLr1qjGNtrH0E12
recZZccIfrHeeRaVR	recQ8N6orN5Jh9aVQ
recZZqEtUWGnBPlJG	recwHsr5HefPa3Tiw
recZbHFcMJ2uLJd9R	recX14DKh2Hr9Nmw4
recZberiSIoFQShNo	rec8FIr8wcCr06jra
recZcXjqdACZLByuH	recZ6PFNpBRegdf30
recZfW2AFWnkWWlof	recoYNuA1y1HPYrWV
recZgHiMAPFNv32ub	recuXuW6RayVR8FXL
recZgbG5drgK02QSg	rechQy7smOP1SqylX
recZkrcILAdM3RPKV	recsL62HwmTF1yCh5
recZmL5swS95DciXv	recjZ64Zj1d33u2KB
recZn0WnLAuz8qhwm	recBIdmnuvjmunoOi
recZnCSDiJ0baqknX	recXQ1bJXI3u5Igb2
recZpYfkOCfWUStk5	rec6N9UgJndUU9j3D
recZqwctuYVKjcimd	rec73qQusY0IvTx1q
recZudX8aveGdokSy	recIuNV2exQcSMmxX
recZvpnZPs0hAm03R	rec05KW0ZIZKvMcNm
recZxb3aSEhO2ow1Z	rec1wzIHQvpHjP6XH
recZy0m0ygY24tNL9	recjU5x3m7IjA41lz
recZyWrdKlWq1vdZt	recnwGro1F9oHT4GW
reca2sRzmlGeQUtnH	rec758sj6dQyrVwB6
reca3qhh3z8CKcb88	recHU4caQnEaBJCtp
reca4ru3DqX8dPlUh	recduTsMKBvZmXLFF
reca5tofs9XCxa29i	rec79FcVFFoGIdGj9
reca8e06xXMr7IOR1	recomSleHYUQ2zfiV
reca9arZtYNgl7QaM	recEn9s63SGKGuIMP
reca9jVdfN4A8jozf	recB0tmkllnsZYm2r
reca9z2Jjkpanh05y	recoKdvp3nay05TRn
recaBD4yvCXqewYMh	rec3mKmtMPaIwaeki
recaE9btVZD0miwbp	rec3yPcDpzJLRbG6Z
recaEoKCqMAYKLL9J	recQwJWWNy7acUZ60
recaH6B1ZUONI7zkQ	recszABlu6LaYqHAY
recaJZXHTmccsf2rI	recQ9bu7qKfYU6KHY
recaK2M3ZhxjzvWag	recuBH6XNTaMOw4SJ
recaKmIHhzBRMa8xj	receUB5lFHwScM9NT
recaR9AiZQBKWkzVc	recCUUw8iiUnJjac1
recaSmKFnFzDohtXc	recQtkM3bU8iZQgo2
recaSpYktOwKZRKpx	recH1YMr5lugxLx5I
recaTU0wNi6lAhEpS	recELcSGeSP9pYURG
recaThx9vBeUyF3bl	rec2AXb90va9dLu0U
recaXFqGYy6YnxANH	recaqkxU2kmCvy5lE
recaXYuHg3I3OO9Ny	recU5MhsWHqE6yJnk
recaXtNoot2yVdmjH	recomSleHYUQ2zfiV
recaaVnfh8DksCpUG	recOogsMjZjhErfe6
recag1TaVr6xAGnei	rec72HlG8mh6SUZ1G
recagUgkSDMcWhyXu	recDRf7RhWYtPaoJw
recahEPJQrdMd2t5d	recYzXS7YKnMv3Dx0
recaisch4rxnMRuK2	recrBJ9Pg44fhWMY6
recalJfHhRsb0snPF	recqAHavmWYB50Hin
recamhA8FDf28sgqf	rec2WlaIYRFKgCd9I
recapAbWuKW6KK350	rec49VT8E0IpYZAFn
recapL3ZVx5fAXBzz	recPxK92CTlKdVDi5
recapetx9nWl5KXtt	recCtZYpFr4LkT1i7
recapmZAZR4o4rkcr	recPV5YNJYF94UJjh
recasML6vfGZZnI6n	recd22hWAsdOudvKr
recatKJgiWqQcvSu1	recNPauDXOsgtRssw
recav1CjroJgO0DIR	recx5qVMZT19pY7Or
recawC9cKZoxTXPvW	recZ8HXMOSTkFrHx1
recayudH7UY5NigKH	recy8VilJHnqxNUmr
recazFwzETXsudO6O	recKsabGLh13syPrT
recazcezRTvyhBjc3	recXNRH2rzmKEJwy0
recb09pcgYoYSxEa4	recHbRFuR5FJnI63w
recb0M5fzJSQe4inc	recxtWy0Uzp8EJRQL
recb1dLYcr7RMx80T	recr2663q0ODyZv2o
recb2k9wtjV4jnc3A	recKaa61LRdjY8BEl
recb5AyXIbGjjkt3o	recKaa61LRdjY8BEl
recb7q4nQn3NAwszg	recU696kuau08jLQd
recbBHp39VG5LZL7Q	recPuPFB4NurOg01w
recbJVd5pLj5Nushm	rec5lzFaKUpIqI4Zl
recbLCkEryOMQrlm6	recmCxsiB96CFofTA
recbLOBAS30EYSOz6	recSStZxIF6KXfPlq
recbNpSlLdOAQuzdF	recWNvVw46RxICXnh
recbOSzX48s9IasET	recpzELkEPxhDyOxv
recbPOLjiWAkBmqjo	rec9ZsJqlzK2bRmX2
recbSVm5SQNHwk1qH	recgLWSrpIBibC1pq
recbSvPqWqAuOpQzK	rec8tAZtjQarGC1m7
recbTixo4xcYO0iLS	recTMZULgKOgcdTSd
recbWQEcLlCUWDayE	recuoMjhZ3zskqQZs
recbYIL7moIroWgts	recNPauDXOsgtRssw
recbZWkOLvu6om6Rx	rect1Rzl94eQVrzRp
recbbqgCSM7AOILeA	recLTir3vFUV83UUf
recbe8ecUOkr4te1q	recYURC9ncSanQEHg
recbeSDFovHRHaN1Q	recmRXTjFYyCRMMRE
recbfJIHMScOtPFHG	rec1NKP7gLJizwtT0
recbgXU8dGB5dppWY	rechpwwqFsluRhrkw
recbrAPRwpapa1NRt	recZ2c1EJcTEV9Tmc
recbtbilkitb1n5Li	rec05lSD6p6ElrsIZ
recbtkMVcZltMHOpF	recYURC9ncSanQEHg
recbuExrBeWV4bKsf	reciDRUkKexsM03li
recbuFWoyijEntiEr	recjD5lzivIXlZ27w
recbuYjEhIrvGKOOa	recKTOuIGeeEsrkIE
recbwQUcWrDKVAVUf	recVsCooC1Gr7rh8K
recbzg1Xl5hIiHyO1	recpx44pnYr1xHzD2
recc0FimenYP6MgAJ	recCUxVIqR3wVkmok
recc373ZwefuXDSGU	rechQF7KAhlHUrZnG
recc3C1keNalejFyw	rec5DPGXlOLdsj2Vs
recc49MIb0Kbxvg3R	recScIROEK0QiUDKp
recc4QbVn8O5s4q2m	rec1l7ADe8niEsevR
recc4iiaAWNCa2e4s	recuisS70skXnliRi
recc5dBUQXlrVCQHt	recvvDVnu6yq8jWwY
recc6MTjnDyHNrK4F	recEkwCJz6B6CwFMs
reccB8ZY7HlVMD9Do	rec7BW0IGeqpMHzDN
reccBFpsuTw5TJv35	recn9ycdOOZfjBq1p
reccC5JDqU20Ijl2W	recube00BFPefs0rj
reccC9jhdcUwTC0iY	rec49VT8E0IpYZAFn
reccFjqgG9F1JkIOc	rec0P0DYUNpRptGXW
reccHcr8xeJgz5oGJ	recew8lpA19PmICa8
reccKsMYiaKgVz9Ht	recQfuXGThqgP5k1H
reccNDc6NcIcIfXmK	recSRIQqh0xq7Mek8
reccNMKf2nHNneMsv	rec8DnWEJfpXIjnEJ
reccNN5fXNqi2Cu12	rec4xVswl9wuRidM6
reccTTdTlA4KdLAm3	recnmZmDCQerV389d
reccUFJujV4i9xGhz	recKAiGAVv0hh35cH
reccZapHvTt1eMmDb	recoRk7NPw2IH3yau
reccZewnMdIL6pUa0	recKjA8p7bFhujHSY
reccZjw1GUkpEXc5g	reczH3XyJK9Nc8RUd
reccaNTjK25KUzLnW	rech7X58TUAIlpYG2
reccaRaU3Bxp2tYcD	recb3DaUL1WcdOyyF
reccaeC1oAkHF7TDy	recZC0GXpBzem0nH1
reccdRUAxofhn9V80	recIvmHskoflhwNXL
recceEDXEM0OYedkI	recnTmzuXfSuvRrs6
reccheXKHtZW37AWC	recXj7nWreIAhUnZi
recci2vMBwI0HhlRz	recj8IQg2eqzWbwPP
recclxNI2mY6jSE3v	recNhh9aFBSzelWAv
reccmU0PxdaMsI8jJ	recarLCIiEFELSwMm
reccp81bsKhXWSBQn	reckviSyIzOM2GFPb
reccrMuCQOmVmA8cE	recx5qVMZT19pY7Or
reccsCXQfzcpwq1uT	recB1s4lSjTq57Vpu
reccukn6ZvvFS707S	recooKTLHN6g55jXu
reccvOnRThO311U8V	recXUusSJtEyCkRJi
reccxs2yzphUkOniv	recTeiYt5OdB7k6So
recd1DXW1oskHt84s	reclWRP45IoN0dC1j
recd37mN7c93kJOWn	recIF746RX3RwLSog
recd3m7uJsewdmSG1	recTE69tIDykBSiqW
recd4PPiHXEbVyOP3	recefSISpWam9JXzp
recd8Z3Fb4y8IbTO4	recLtNH1dkOzVmXRL
recd9Mng6hxGwtPCR	rectK9uK8lgRuxUv9
recdAW7Vp0tc41c0Q	recOx3PvPWnSiVKcU
recdBFSsfC6ZV3r3e	recBk2RdOwLx1V6EO
recdCCXONUhaFt5eX	recutOLaNf6rBuF0r
recdDNhytZzstXKcS	recMVMfQQg0VepJ6g
recdDfy0BTB77aHy8	recyMvIuNRzmJu2G9
recdEh72iRr3oSAXf	recINR1kmxydT7j3E
recdF0OcmxCVGtOUo	reccNlmzL4bNd8qDf
recdGlrXoiJCWg9Cz	recnAUZMi9Roo0mdv
recdHeOz2yeIDre2r	recAYHXctg9GRLZAo
recdIicUvIO8nXGYe	reczGUGES3AYWpFSq
recdJSPCynbkqBjAH	recpx44pnYr1xHzD2
recdLQEP0wBQBAktt	recenRUNearwMC3DC
recdMUzoWlJxT8Dxx	recm1tQIyHysiLHP9
recdQwOZQNTO3dOHd	recnmG88PcUaxBrKn
recdRRVStKxvaFiXv	rec5PJBYlviYJwNka
recdRvOQdmZFK40NS	rec71xjOlt9DVXWRP
recdSqQRIl38YR0qC	recuGGNwEasHPQnEg
recdXiU7xAGDrL0kD	recsxs9m7Zn4YnGhd
recdYIOIeKlDnnr9x	rec49VT8E0IpYZAFn
recdZRBZ8LVNeexHa	recnBkXuUTBb0BsXA
recdaty5oM6wLkuxX	recvSBgKwhvZUsVjq
recdbCuH4qO23XlRL	recJu8NAdTOgBqoRj
recdbupQXcPIQznoP	recKCQl0TEuUI7ctT
recdchWeEc6uQqICR	recWhegKHOa4LDBm9
recddgKySYWcbYT5m	rec7cAgW8QjQMHvtA
recdeVToFeHgTcwvI	rec7ts3SfrmUBS15v
recden2a7D66MLOJo	rec7SOhye1cbuwyBS
recdiGzeNufiWYLYd	recYjhqGz982roBfn
recdjsyxgpiQ9b74J	recvrOocb0puLGTXp
recdnMQyxrYCeWWAm	recgsDnVf0Qy1h1Jm
recdov0jbjAszDIOs	recj3tSpKeWxKjMfD
recdpSQ43AJ3hiCvJ	reckWJtb7L9oySlc6
recdr3I8i77l4LdVd	recDRf7RhWYtPaoJw
recdrH3e6TfrJMDpY	recQSIkAHWKsnrdq6
recdriPIdXprlXHYh	rec2H9prY6dtKaZ5m
recdyZlFAyCFeYsVF	rech7SbbpWiYWe1w4
rece0D2vg9DRBCS8R	recmk0luw2JiAtvj2
rece1OstrRYl04zFo	recRuCiKZK7PfKCXM
rece2O5tGPFmB95qN	recKuSLW6GNmwnl5O
rece39ruTltrMILJn	recrrK6xXCbShvsYy
rece3WgLwULKGLxX7	recKTOuIGeeEsrkIE
rece3aDKjPJYcvuiS	recGbrESlyH3ojDLI
rece4eyB5b9Jc8pn8	recXrwp9rAiBANvTL
rece6HA4AvUXPDgo1	recN5icjqWUHfmFHW
rece78qoWBTn0nN7k	recRd58znMIRyvuh1
rece8WkirB76I5RPp	recKCQl0TEuUI7ctT
rece8lZgUzn6gfb31	recKTOuIGeeEsrkIE
receBMFeSAPwnYFNS	recBIdmnuvjmunoOi
receBy7gJE0ZvT07s	recoBQFE3GDdPtlti
receEPkSb9c2dedMW	recOnlmebAXAIpmsy
receIuK5D451cPLxI	recBIdmnuvjmunoOi
receLmoZDhJCAkKkY	recqMIovC3YvWEXcR
receM1eHKhQXYAHwA	recqXcrK2diFXyVku
receMgbb6CE8U2z8w	recCUUw8iiUnJjac1
receOHS0CmrmN3m6K	recqboMr3DjYifXYe
receOIJkaS6lLLL6o	recAnwIzb4nUGmtj6
receOuiSeH9WS6o62	recWSLvyZhH3iIrVj
receP2jymrtqDxecp	recZgUZnNrAYjtcy6
receT8mbvbW5ie9gy	recmXDxQNibnIO7gF
receVSnrEtKv265oB	recKCQl0TEuUI7ctT
receWMOV0bFaA9378	rechJEVpIQiGCCrec
receXs3zk8BHVI5Bs	recTeiYt5OdB7k6So
receZZsbSxC1BifWc	recA2b1TbEyzUzIX6
receZlsJQqVwnZlR3	recfcVNGx1VP8lCe6
recebme1o2YoCrKg3	rec1u2nw34J9gV4x4
receetgmr2Hoj8U8n	recrzCLM6NpZQqBc2
recef3alYH0zqKdOE	recQ8N6orN5Jh9aVQ
recegHdbqJFnj9NCz	recWNvVw46RxICXnh
receiEbBYfquB8cdl	recC9mcR711maTL29
receoI58PBSWKkqMd	recB3fMsoGyuTkwBd
recetdon8IfJD3apF	recoQJyeOshrEYXwO
receusxLpotad6VQN	recenRUNearwMC3DC
recf0MbglP8l04Ipx	rec1wzIHQvpHjP6XH
recf1z3pnmq8BU8kB	recj8TfSf0dIzU6jj
recf21dOKoUmsZdp0	recowDH26K39GbdZn
recf29dkXQ5KQtJ9b	recgbFzrqk1JK9r9D
recf6UrGMEzc8Oafh	recytW9dOvyM6dnpx
recf8LIyRLM7yQ7Eu	recSMkP3QCU1R2uWT
recfAq26q752HxCbI	rec501mVjZ0twF646
recfBbzji3YAru0ME	reccPuFFDGu75MP5e
recfFB5u1cLkeVlYb	recl0srCdxF3DPKwh
recfIN48Phihf7eD0	recMJwUjEFvU4NWuV
recfIgT8WvMPX6dfU	recM65sG755rOzk6X
recfJN9eHg8GMlCNt	recsxs9m7Zn4YnGhd
recfN9gXXLMzuVP6r	recgnUANPdpERS5a0
recfNMMGXkhZZrB3u	recyYzOdwDWOlAMac
recfQKC2icdx1kXU4	recgvEedwfTmMOLcr
recfSlUExlrlh6jQe	rec6jpMUlQaYi4kVh
recfVyutKuqGMeRlX	recBP1As6tgcyBNIx
recfWoWUmwzn9RxHe	recj8IQg2eqzWbwPP
recfYaPbfLGXrWz7N	recJPi8LoCNSyojOD
recfa4U5rcQx1lS8H	recRuCiKZK7PfKCXM
recfbvwDeQzWPAUuO	recW7bFjaD8KsTeT0
recfg0W7cHAaEoyZL	recDE4xzj0qj025fp
recfiXBQ3Xp1OKYak	rec05deTlR2RYqhQk
recflwTcwnXw4TySy	recCVlCWqfj8o0fSy
recfnEJUdDezle4DA	recu1Xl4rX1hlfyvL
recfrQ10nq5lgF6xZ	recNzRUr7lpxrFld5
recfrcOtwFdqqKYl1	rectmNEXsZm2OPEPj
recft5TxBGMbYVHGq	recyin43rfjMrNt66
recftqdeEsmgHfAGh	recwkurqRJ5p79hU0
recfyMH1FixDeryyf	recDXUnHh5AQbIYP5
recfyymE3VktEaLUo	rec49VT8E0IpYZAFn
recg04Oh1JPIQWcD2	recQwJWWNy7acUZ60
recg0cHhklJpqTlWR	recmJZoA7GQlWmp2q
recg1ddBTIqtmIeAv	rec49VT8E0IpYZAFn
recg1j8omhmLRE2zm	recJcboTgcBfgipf0
recg1z2galpv7g6Wt	recmTcUag48sZRl2U
recg2UOULfIoIhLNn	recrCsPbFaf05w0kL
recg2t9YaH7dgAYVp	rec0tJrKQ2ICzX1uG
recg4Uj2Y1Swg9FL4	recj0VQOUt6E4YE1J
recg56XYjDv873diq	recgnUANPdpERS5a0
recg5ixjbDVvM0lo2	recB9qd7Ys2hwnw1A
recg8J8AdnAIV4ZMU	recOtnxFyIfRuvgs5
recg90EA7TN3tOB64	rec75YJaiEbzkWBBU
recgAUF2OftXc2hzu	recAwMyd0QFK7Q5yY
recgBrPx5xMvtCE49	recbAJfvRQ59or5ml
recgEx9P0f8yHexx1	recWzPAaGtee95Ojn
recgGLFMrmDXaxUlg	reccPuFFDGu75MP5e
recgGmO3JQA3bOHNm	recx9PeIHrRnDxvxr
recgHCEyqbJimZA5Q	recomSleHYUQ2zfiV
recgKx90RKSTX7vCI	recQSoPQBImskUgnT
recgLZ2E2CmJLG50K	recyDfbAuU85koRkX
recgOftX0f0T1xs0S	recLBaSPGRp1eIhVs
recgQG9awYH86Z56z	recAFWYeezZTzae5N
recgSiarsW3VonHnV	recP3TessjvKvYgzG
recgVWmkwPutX7bCb	recHsFVf6a8uecHes
recgWF12GFXnMLew4	recoqLyyrRRzz5369
recgYXBpK8cEADjUq	rechUaJmObNGJFe3b
recgbuVsobmpembCZ	rec7YjmOMpFqXFmOO
recgd4krWq1YI2nDa	recsoBI5xGyUCieb8
recgeuFgsEhQT2LjH	recb76tEKbtBpVmwn
recgfDz8xQk9ChBHw	recNPauDXOsgtRssw
recggJTcbndVD0FYj	recI4lxaa2cvMTgNW
recggZF7X2kJ5sUvh	rec6d3WGqwES4WZwj
recgguB6qabvIzK1T	recrzCLM6NpZQqBc2
recghOBDj3SBjY2zY	recoWCKwG002zXWuG
recgiODdP3RPnfPSf	recwpWfpLtRma5prs
recgjEzGzmA6wbClA	recVYrhMLok91HsrH
recgkDaQaAMJeI2ZB	reccQLewkwDrnRKML
recglMx6TPzr9G9gJ	recBP1As6tgcyBNIx
recgrijEnRjU1Stt2	recHcIUyKDl9nurx4
recgvLSAXfAOO2amf	reckJZdIGSBl0heu4
recgvweXqaOBTpGlL	rec27an6HPdRbRVLH
recgwYdkCFTYweKeA	rectTvMx7WRsnATgp
recgxni3ocHH0bKdQ	recgCTHefb92aMOOM
rech0Ln4QiNf0ntkT	recnqFMGJym24UCOA
rech0xWrBxs3yBn4d	recG3xLLQWJsJKz1D
rech30THZBpbNloyk	recKuYkDkP2gtbT10
rech3Ab9d8APHHNtA	recDVCZ7J15Ouo14w
rech3tF3XHjTiu4vm	recNzRUr7lpxrFld5
rech55zxcUv3jbDrw	rec89J9fO4KTpFh0a
rech5LRymokrFXwkn	rec3ynVoYcq31bYdB
rech5xNOknJUkfd3y	recQtkM3bU8iZQgo2
rech9cv4Quyvyq0m1	recQQRubeAjKHPWDa
rechA2rwRXQhKKv7M	recDtSSPxRGHrIjeq
rechAM7yyb4n2mYMS	recbNn16B68N5RxiC
rechArkUbAeKXfDyn	recBIdmnuvjmunoOi
rechDsZUeMxQ1w68Y	recHhaUArLsfO62hA
rechG8IOagUFnwPvZ	recXrCoupUDXY1gEX
rechKUQdEwUfNR2nf	recW0zFC2sCtezGnu
rechLPiaUhjR7XvMe	rec0DLi68aJXJ8L3o
rechNw8wROH5AAG3b	rec6ZNkQC6scGp3el
rechRm8iI5aeXAQTd	recNt8NgweNDERey9
rechSN4xtm5ovK4K2	rec3pq1YeJb4pYdgW
rechSSIIBmOU2ZzXQ	recOGFP4L1avHAutx
rechTZIV0JWWyKyM8	recJUSoRBm2eoI7LQ
rechWFWzT0FE5Ewp9	recPx1Jc5zna5u5ee
rechWkXh6lGrWqY7c	recU1D7L2c6ddO0Jt
rechXxkicfq9VkE23	recPCUHYOEMIQxQMk
rechYKorKsOtagGB3	rec6XzWKntpfsfqcr
rechZhYKJxWIAyRTg	recnlRvwJFNVX6q2U
rechaIdu7n9NCL0Ux	rec5JN1YQYMLzaWc9
rechdA0HuOHWkLL07	recf3k8tjJjixTLhq
rechdZw0BERUJC2Ws	recj8IQg2eqzWbwPP
recheTYHxDrMKD7CI	recBa3GLhkeq2UIuE
rechk703QVPWHtf43	recoBQFE3GDdPtlti
rechlfcYmGQ2YadnJ	recmFh5YObwfhbyGz
rechmQRUEOtlN20aT	rec85OX8IhwgNhro5
rechrY9L3oBd2rRKW	recew8lpA19PmICa8
rechsUOpRyvllf5Xs	recEOqFyvw12XIF93
rechtS7r5moWBpgLD	recbg4ABfsDBbKip1
rechu6JYrxmjotbKI	recExW1WzOY9fbbjH
rechy7u48y4IobT3v	recLntdZ6gwyYPnN7
rechykC2xtRFNAvqw	recC534YgTjuc346B
reci0fH4wUu6D5wg5	recARf8GNXsoImKsD
reci2cb3hu8eAIexY	recNne8Gv5CiZQwdF
reci5F0MLETPz9pYy	rec2XSZ8hqo2B1o3c
reci6buHe8I1Bu3xE	recFLO2cnwrKsH6Jz
reci870gDyxtxMS3u	recBpu7dVZcKJFK7D
reci95tukOLY51n1G	rechExI7WZP0miasv
reci9yjukCbm7ap6P	recBfzv0nimkSXOLx
reciBNVP2n1Ftu5W3	recLTir3vFUV83UUf
reciCIDRk1ezsaXGu	recB7jQtnqACGC9Iq
reciCMZo1LmrISrya	recv8xyg15JFxo1l3
reciCrfxRZL9sQHGK	recSmrl1oes42rCwO
reciE5fgL751x0kfC	recSFHWWu7AUs0QCM
reciEqm69JBIfwCxD	rec27an6HPdRbRVLH
reciG9PughaU4QCN5	recBSRYgg6C4u9Bam
reciHJLDJT0Mt0cSk	recunUm8gzqiOUZPr
reciHnHqRr2DEL7CU	recCaDAU5xFuB2ziK
reciIA0UjY0gB6yRz	recjFfeV8k2rZjWzn
reciIxC8RLqw942DH	recrRpdUzgzBdJ52h
reciKp6v6pg0ltubv	recHcSNPhTRSiRabs
reciLahAEUb0pG5BR	recr3xr1cZ0c7i1DO
reciNnaM2Ol5bKXcX	recTDTD05ecQm4E3A
reciPjYFiBZF0qTE3	recRvSA0HMSAW2IdB
reciTWbNaYWqbf7Jq	recbg4ABfsDBbKip1
reciTktuySWJvO64x	recnBJbOMpHZlfLkM
reciW5KkUOzut2eKP	recEuYEdeWdeOYj8P
reciYl2kmVDukg4Sw	recNTAET6S2Y3soI0
recibnexnNXjGnsIg	recSwiRnoFG7q5fAc
recicQ1pAci9U5OAx	rectmIjyaYyzts3ju
recickrenXkVGbJF0	recHYXgRp8vbI1uhf
recidqowUAIc97LFD	rec6z7yPcsK9UXxLp
recigvaQ3HpanIYnI	recc8OObkQMk6ZKSk
reciiW9XJ4ReZ2bWI	reckcYsAXbpFsde6o
reciknuiafu3Pp6NN	rec434AhxJh89Geks
recimagmMqyHvjvmQ	rec9G73EI8Z5V0EWQ
reciqccGvWjpuF8PO	recDXckYDZ5bl4nc1
recislgZfdMrdhCuK	rec1cJ6thbpWRB3Uj
recisrF9RHW4E3hFM	recBqoIHhrAJ89BVA
recitI0iK1QNzlrCe	reczEhlfnqGhKMXmc
recitspfMikV22Eh8	recP1KWVcnJVMPde9
recitwCPnriWnsAbk	recIuILEXFR6nNewW
reciuuZrLxZeXxSvm	recCUUw8iiUnJjac1
reciwrrNISPbItmBO	recwONWoihDgRSOg5
recizF3cwGrBBbxls	recdDLJLHwLwZbOma
recizpQvZBnBw98M7	recfneaf5yMPi1aT5
recj06QnHHXDdJIRJ	recMbYeneTDTnLeZd
recj1ZdqDP8tZNZmJ	rec077pootHBidody
recj27FTqlav8tMop	recnbiHvGaSBzY9wB
recj2HLAttHDBuG0C	rec70CBdoFpsa1FUu
recj2Oq1qaebHDHXs	recGYsfP7ZjMzgHXI
recj3MLyuepYq5T5f	reckSjvk4FPsT8hSi
recj6ZrbCXJFXH6ND	recHqrngNOLRPFupF
recj8IP1kWOAKIqBT	rechAoyJYIXk0d9xl
recj9EzlgkDjR5RV2	recaQ4qsqnexPuPfl
recjAhvQRMWHsoKt5	recoqwzJ4OS17qvNT
recjIPQuZOBXh61x4	receM10mujAMw49TU
recjIwOTZTB17VPQO	recJB3T640ec7JVBP
recjJ32UOjGsVtAoc	recP1KWVcnJVMPde9
recjJBeSK9dnsHPVe	recwyLqvnW19GEGd7
recjJaD5l5KxEUTrt	rec6LlfRm6aT6W60H
recjKpmbcwe7QmfXo	recLTir3vFUV83UUf
recjLDLeaqd5dBOVu	rec3pq1YeJb4pYdgW
recjO0IHeRUi0nhsR	recQyEQAJsByu18VI
recjS5p7LUVz7SBcj	recTlYfVNKksVUtDc
recjVyQCqqxUCClJz	recShPvDloM8Ti3cn
recjWHTN4OXOKPJEj	recOV7G7tZXTuLW7q
recjZS98LYPQJxvj2	rec7LBIQPa6nXQXSx
recjd0t4DKotLz7Q7	recH4Orr2mtwpnPUF
recje4gGU4K24Ca6h	recPGFp4B6FYnQop9
recje8h0JAsRM5RyB	rec7VhAU9BITUGto0
recjeEI6qVVLsGtNN	rectmIjyaYyzts3ju
recjfBhw4c56izGbE	recX5dH2iDIKdmU87
recjhXl0snHfWqpXk	recV5pzRjib3gFccP
recjn1wrXyHQjIN9a	recfL9UovYoIskB1Y
recjqzAgNVowgmFeW	recjNbZsQJ2S4aTbt
recjsTDDFzPDzzTzZ	reckMBz50O2pDntKG
recjtknHrYhqsyaTM	recuVQU6TfEQPmL3R
recjvG4vlAAVFHZNu	recnKIiBYFJsSpMo6
recjvh9StQU2LACWj	recs5uKQJZ15b7l4j
reck3nxjRzOBzfpz0	recR7OOe2cZnqlxRc
reck4QZ86fiHNQJYD	rec2B9X7YhK4qzQ77
reck5NeMpiX3aYVi8	rec71xjOlt9DVXWRP
reck5z9tzMkUFPYB7	reccWZpiXJ9SN8QjO
reck76uk7k2yH5qjZ	recRSgFfEbnLN8B8W
reck7NOQu0Vpb6RiK	recitmWZzjAFpG1x6
reck89Zxu40hIqsnr	recrzS69vNDj9VmgG
reck8MQ76YV7CfcsH	reckcYsAXbpFsde6o
reckA9Q0SN0FbB2c2	recavX63EqJsdJCSn
reckCZ3cW1QiA1jF1	rec9uFs767QxBQSMC
reckCtjcSnkH7EGNh	recWNvVw46RxICXnh
reckEM1agrCjUxZ2D	recyCEm8c36Oienry
reckEctbYg4DRny6U	rec5xD0887MdXkCLe
reckEtFrOACarUDhg	recV6SM9PPkqL13G0
reckFVoN4PaXxAwFo	recpx44pnYr1xHzD2
reckFxCet2WKGLBoS	recHWSq0nLmyJwT5l
reckMnqKt6FtsSbNx	rec49VT8E0IpYZAFn
reckNcHBKdlnIXTRh	recaBK9WD7UqqI5Zy
reckObY8OTz2MLJMX	recvrOocb0puLGTXp
reckRVISvBnkxGLpV	rec1NnbErxd3yfsPo
reckSPcCvLKOCt6rI	rech8EZuHC134RVvT
reckVzXRd3oI5dhlI	recuzlx7BgZYqyHeF
reckXEb2f7cr8ECpL	recgnUANPdpERS5a0
reckYWqjLdY4D2mx4	rec0tJrKQ2ICzX1uG
reckdIxxpaEvxl4Sa	recQDxrlSCHcqNOuV
reckdUaphRBlrvu2Y	recjozcRYMhMnFLuD
reckemQeaXwpf2Cvp	recKG2IFcrczAYHKO
reckewjMyjXgrFlKP	rec05lSD6p6ElrsIZ
reckfciezhg3oUDOc	recwVMm4LsxQ2YTuj
reckkMm9SbSrP2FGE	recdi5gWUUJhI0NOk
reckks6oVg0c4aOrp	recbNohJps69SRds8
recklgWtk8DQXkMhO	recJw7zewRQPtHnwm
reckmqiVj5KxI2bSY	reczubDMIhxhn0mRM
reckmrRcvIUy9anFZ	recnSY8kGQo9uPg5K
reckn0RDZHr1ylAf4	recGiO2JBdC85U6OJ
reckoqrVswVXngLK8	recpeFznBhv8O2NFy
reckorVjkIMQR48qE	rec0fBsGeSMTe2n1J
reckpO0EKXEwoJBur	recHhaUArLsfO62hA
reckrbloXwCrKNqFT	recAiwUZ2ZMDxN51M
recksyT8Rpu9kIXg4	reclE6OV6x3seVvB6
recktLEv8AqgTdTpn	recS0ulEZz5fOG3NN
recktk380qAu25WNV	reca8X4A7iEiGEVHR
reckuPB30PA2dE9Vr	rec1NRlPnWHtM688D
reckwiKucpPP94ena	recrl4meqp7TYyHAo
reckxldZTvPADJIQH	recF3BvbLQfPfbTZy
reckyz6VUiN0lcZsy	recLgrH6XFjj9xZrJ
recl03dU3OcZ0fxwk	reclpiUTsxfgpk54N
recl0JxbSfZhvxrBF	recDbnNIawxoiGgne
recl0WxBnwZbEnYpD	recISlUhxMqoIc3UT
recl1CrPuufgQMnZg	rec85Ry27gJIZ35TO
recl2lqVSiNWCPi37	recRknJMYjX9ZCGr6
recl3INtAa5JAZlvM	recD2BfIRCLYXFTQE
recl4cGwWIut56hTk	recaky2KT3q30eiE5
recl5HIZnvLBf00kU	recoCspZunHYGanJ8
recl5KSxidTZRgMXQ	recWsy6gBK2eggh0U
recl9XZ6JI4xY63Yv	recQ1VWVI60RNh4D0
reclA9pTHRrswIJWY	recjqDIQIt45PPsar
reclBP6ul5icPeBIx	recm0DeYoejt1J1O6
reclCwLoAOh9LumY0	recBIdmnuvjmunoOi
reclDft92MvXh5TkW	recek64mkTkxpjaqr
reclEJd4vQM0gjTVB	reccpkJC9CvPoWkvQ
reclEQJLFIwxxdV1g	recCAXMhecpXGoGnX
reclEYiVqu0z3yyPj	rec3d3dN91cBdZMEX
reclEs4utQvs2pAUE	recXrwp9rAiBANvTL
reclFotPrGWGeO6mO	rec4ta7dDFslJpL4m
reclG9MBYN7rs1Ptz	recauOUHm1sNL6NVq
reclGD7kdk7qaITdp	recjhSQdZSayL298S
reclIgdyiPLOYkju9	recG8olZcbW0GZlNd
reclJxpohLuQjIlb1	recZ8Mu1obgkzVHOi
reclMMQESdUvDJU9Y	recFgglnT8ven8Kx1
reclMpy1Cff6Dqw1y	recLTOYFe9dqk2ae7
reclNHNK25XRck5B4	recMwrZ5m3ceZzfO7
reclQMUlRSY7Aiqjj	rec7VoC9YoJlsWUSd
reclQg493vCQUWOnW	rec7sOQdwNfIqn5dp
reclSGiqqHJt2zoQ4	recMOEpoTVc0F68qa
recljafDEYvW9wujK	rec0OdK3hBVzL7h0J
recllgBiynfP0yTQM	recLQBA078TBQOz5k
recloHgTxYeLNjqek	recjUNqMNq5ZsdBzt
reclpdWIaxcf57GjT	rec1sjJSS2mv4AXWF
reclqE7Wsr6jbTKcz	reczFpdR9bHTA0H7t
recls9Fyg6I8bIuL6	recO0SkIMUuGu1nYl
reclssZ3dumVrFncK	recBqoIHhrAJ89BVA
reclwGsGeWQajYKqw	recG7gQsjT9JVdonc
reclwuMCKuvYPQns4	recs8q4CBEDhZpL9O
reclzcoo2FXYDnQRy	recU8EwbWeIEIwcgX
recm32SsafSR3yFW7	recC534YgTjuc346B
recm5W5w2wNC1LvrU	recYURC9ncSanQEHg
recm6svwEmVuDA90m	rec5mBEFlylFGjhe5
recm8DnhuKWLgmqEi	recvPrxv2WGYsBgF0
recmAiQ7XnKMc649C	rec49VT8E0IpYZAFn
recmB5i7DPWh5WQNR	recLVOFhZtdviqYjB
recmDcvjSDNXAgiq9	rec9qOFqTDpEjgadw
recmF2Z8uZwWGKCcW	reccsHjmz9rQBgh6S
recmH8LEhUr6Vk5tE	recNd87PNBCynzs8N
recmN6OeYbMyJAy9s	recg1eeSOcWeVA8yD
recmQmv22Lswt165l	rectbsG7ByMmXo7HR
recmUJnYsMWcmimiu	recjUNqMNq5ZsdBzt
recmUdkptbyUIIhJF	rec7sOQdwNfIqn5dp
recmV5ho0iwbm4JaG	recAzdusjmNoiM7Ra
recmZ1AUJqC4glkGV	recMnt7Un6rYsVG4l
recmZsSWEFxkxIg5v	recMh3INJLk77m6Ew
recma4RSTSQ6zbM15	recuS7Al2zF6qbVWu
recmcX6EqUlyvoWBH	reci4chQYkp2I5Afa
recmdhMKZw6Dlc9tm	recjRgnGcIBP8HYo2
recmkMoH2MNiZfSF4	recQsU0holfhFPRjn
recmmdHLvVmNXn0un	recZSCnYXJ08VLNUn
recmoVG7WAGHZK7Ty	recyuA2d1br6gRboy
recmrnzLc7POAe8G1	rec0fNONNuSOgwKjV
recmv8MbQZfedxtMm	rechlqQ4YknLhnNaQ
recn2UWQHHazpOAIS	recDVCZ7J15Ouo14w
recnFcW1UC8Um8mGE	rechdYDvq0YpO1Ysx
recnFpqNidxSJJxOs	recj8IQg2eqzWbwPP
recnHekJmWDvcTv21	recCYO1Mur7agypxP
recnOVn7JbYGnlr8F	recTNancmBYjczFwd
recnOuHbfX9tn5MGB	recNS1Zl6JV5wNarv
recnPYMePYMlN7vJL	rec07LA1Iuimtam5v
recnPdSkOjzr7X4b7	recZpbI81izDJ78uk
recnRfD0kR9vo9rM0	reca8eVnLBmysS61g
recnRnXh0X1SwpZDu	recWliJEK2mfK7EiW
recnS9g0Rqr9uax6m	rec7WyaESdr504PsT
recnVwTa3OBTgvwT7	recCIGjl23SEETXJp
recnfeepwR0FqhcAh	reczxsTALJM6LCJ2q
recnfsvkvAqUHU5UJ	recJiD4pZPl6qBBNk
recnhMZuwuI9KzSSm	recNcTZfiwJQTMiBw
recnj2zQcAIWEZhdG	recDVCZ7J15Ouo14w
recnjiZgtcOBPL6Xi	recXSVDzZ9WIMO6pR
recnk8BUaOKCSFVbO	recohohXj3sKHDPfT
recnl3OufXMUyMtGY	recYo4bMBBx6kK7kE
recnlHLxlD1r3anSG	recuisS70skXnliRi
recnmRA0PAmGmbKwy	rec4xFFWpd46Grwbb
recnmad9f9JqraX8m	rec1yYXPFymih07BS
recnmeV2PcICtNfSB	rec1cJ6thbpWRB3Uj
recnpOkjeozdElsmj	recQ1Mx0LdMFeVsmW
recnr0adxnwWdI6Fy	recjqDIQIt45PPsar
recnr93AotJKJb8EA	recCaDPEqYbKBjtq4
recnvMWW8cgeGFMmG	recCaOz99huP2uvSQ
recnviQgNU7M2vT2w	recMbYeneTDTnLeZd
recnycZ0tgIfmVzAK	rec2S9fUutDumgDyD
reco13wdE7Z2uBWus	recOyuuPkyH8rGWh1
reco1czqkSCLeFABk	rec1bqqIOmNOzwN9z
reco41aGczjsQi9wi	reckSABW77Bc2HjQy
reco4uhg0Ngbv8L92	reciDRUkKexsM03li
reco5yRzVbCPPpku8	recY04gdk2hdHn6VF
reco6WPTV32TwWLeo	recLQBA078TBQOz5k
reco9gzs8EiOm15I2	recP66UAw1l2IEb9X
recoBUjKLnoZiRenJ	rec1HCpsF1VtneBVG
recoE22fmfDEG0us7	recy7uVvmSF5zCLO2
recoGbewzEFI7Xju5	rec4G9Kiak746tZNP
recoGvhb4WPbYXn5D	recpr3P6Gdh537PoY
recoJmHlpwAJkuvUN	recv0r3CbvvbBWv2Q
recoK20M05htdg4CM	recSShn3KCh1V0eTA
recoKjxVrqcj66VU7	recZRLeAzICdJoLjL
recoMH1iniAWbrxjB	rec4Hf8BIxzEUiQ7W
recoSicMzwlU5WHJF	recUxMKnTSQ9dwuzT
recoU0pgNqeQxLkr0	recMRPpRG6ERC3ZwJ
recoVjqsqOhtWXiXc	rec2Fjk7fzJdnNQAB
recoVz11qQnAWcw1V	rec56178mttQrebaM
recoWzKJVnRxzzwCA	recKMl19XuXNCPTvV
recoXUwDBQox6VYRT	recEpNWHvJ1q3Uk9S
recoYlncxY6O9XRwh	reczhEugVaQI8eUlm
recoZXJNAw55sVeMm	recZSCnYXJ08VLNUn
recoaHFKqOQwMdprg	rec1gtx6TNPMHYPq2
recocEw3BwLM7B5Vw	recFzxhbfX1krHCjg
recodv4YLVoPwyYge	recda4lRBOcNF5QEB
recoe0fVuDQA3Pqjy	recPaRvzmx5kvQ1yF
recoet3VlSo44Yrrb	recNseOLQPMZhJ48P
recogFL2I2EltRp2I	rectK9uK8lgRuxUv9
recogkh5xLxbPTdlH	rec13a8s7gzB17Vn3
recoiWvzVqPoWpGjI	recgnUANPdpERS5a0
recoikA9XYDoq67RQ	rec5uUwnHbeY3ovyx
reconrwDXCNzXwL7C	recxtWy0Uzp8EJRQL
recooGg4AIhECEWhv	recOyfSTPU5KA1XNv
recosj5xwz3I6JxIA	recUagkzQsMyDM4lO
recost7R78b6k8kFE	rec7swfKe1yA7jx4R
recostBM1YlgrmgII	recyInJDqxx3G4wnX
recoteVCzd96iRMJn	recRWrrl78TvJF9MO
recouBemudO8Y62ci	recIF746RX3RwLSog
recourEwynJod17i1	recJcboTgcBfgipf0
recoyedjrQSsMamZO	recyI9pnWPwxQluUJ
recp4DIGT7CbRqJ5y	recjeC2jj6GBGZRSw
recp6Sz7h7vQOewGT	rec6d3WGqwES4WZwj
recp6jPEfPqRFgb5Y	rec06WJ3lDiIHLKOT
recp6mYP687QGoQd1	recOx3PvPWnSiVKcU
recp8dwlM34TshzTz	recjqDIQIt45PPsar
recp8kB8HJSe7PsrT	recD7DeDclb7QNiGT
recp8zhck60LXeZSA	recqAHavmWYB50Hin
recp8zjO1gNhmQON1	recLzEHuR6qEgeUGm
recpA61zdQFxe9kdJ	recZc79tNExPeWPBB
recpAUOIbFgjKfM2B	recigxxLXc4rKm8AA
recpEfi2i5ac1hxKT	recbIR6sLykx63BZs
recpFhZVnnAtGUaOb	recnmZmDCQerV389d
recpGHsJU9gbG2YmU	recg8DqBcqMRDTIpD
recpIJzofz2hOwtIV	recG8olZcbW0GZlNd
recpJq2Z9QRT7QUFX	recCwHeAJrc0HeqcW
recpKrTGGWhsDlYZI	rec4icrbMSFGglJbf
recpKtWK2WkSsytR8	recxluj9Jcpj0G0xL
recpLnZ09UBOw8iMT	rec1cd3N7IxcK17Wj
recpMnnw8H6BmvlnW	reca8eVnLBmysS61g
recpMvdCZ5VfhryEc	recd2ad21fKhyKSaS
recpOiLPuSQot8Uyt	reckSjvk4FPsT8hSi
recpUGecPgWsgxbq5	recBdDeE3e046Dnow
recpVNTgU4BKmZ2AV	recjN6j5CNWpM6cxn
recpVpSdkMBiZgcWv	recx9PeIHrRnDxvxr
recpYUsXJPfZz6lKq	recaBctZqkyTUYvkT
recpZ9aMGTBtgvxCj	recmFh5YObwfhbyGz
recpZhAWsynlCOmhB	rec6d3WGqwES4WZwj
recpa8prv5jAIDtBp	recTs1igo0fqoHjNU
recpaSG0cDvgJKxrx	rec4HE27D6piZnMRp
recpahcKervFcApab	rec2sUndQWT6qmDMn
recpbzj1a3eCn6Guf	recA9c3ZShPClUNJ8
recpctrJx7DmTLvun	recrzCLM6NpZQqBc2
recpd9hXN2NIQVQlt	recZSCnYXJ08VLNUn
recpe3hBZ3KKazGlW	recnKkbyynDyeaRW9
recpe4rZ96jPsXemH	reclRlvptFEpMfvzF
recpe8pkfgLwXgFs3	recWOcVH2V6mAKpxD
recphcjWS1TITUqMc	recdwaLYR3NhzGUKe
recpjYgv4kwGGaREt	recsOvmHV85WBICWo
recpjlvYndZwPARvu	recAYHXctg9GRLZAo
recppMR5T5ip42ZUT	rec3pq1YeJb4pYdgW
recpqTGJyKevWPvED	rec2appnTMmbbs84e
recprVuUZgzTG0lha	recj0zGYxJurWh2kF
recpsJViaqUfVQaTb	recRkow0bT7MFRaxF
recptOfiUOqN4MczC	recfb1GsnIDStvbli
recpugVf66hiNuLef	recc5L2IN73miqbcM
recq5LsN7NPuKmQ5j	recWtYgNNhVvW4vCf
recq5bIiZZ99YXAWt	recAka8ZdTRUzROO5
recq9IRecJF8F7EL5	rec5A87jHDILpXQwI
recq9PSehQvG5Ip6t	recxAMgLsYuSoMTAH
recqBvKWwEbTbAImq	rec4ta7dDFslJpL4m
recqFC9TOA8Kl4Hw9	recvrOocb0puLGTXp
recqKTPktAygtvPja	recZVsM0IsHeZ8mIv
recqMi9HVOj85QbsM	recuK876mn0uT8jK3
recqP9HbvjaZYTuWm	rectWt5hbdUINdwYg
recqP9pu2kUCpziag	recDVCZ7J15Ouo14w
recqPUdssGVZ7eiyW	recsK7OoU61xHi9Nr
recqQXXDvWRJzPC2R	recSM2qvNXg94JaBT
recqSsFrJVl3P4JvJ	recxz78vTToBFNR8L
recqUg7no8SdC7rkb	recnXYEaPpewtlD8L
recqW2r4GO6LRkSEx	reczPTerVPu2xgcQn
recqZ3uNqN3wLcUjK	recsVgDUr3u9vGHxg
recqcRKktUA5hf7F6	recxMM856v5FejjSt
recqdw3kLDqM6l4Cu	recfneaf5yMPi1aT5
recqf2DpemlW2332a	rec1bqqIOmNOzwN9z
recqf9iA7TA5K5GWK	recdIdVh0amdWvfqo
recqgnjrIiUjxmn7R	recWGDmPcvQCNGrGd
recqhVRI796MB08rC	rec7cAgW8QjQMHvtA
recqi3b07y5zKq3Eo	recoqLyyrRRzz5369
recqiiCPZ95m0jITU	recyI9pnWPwxQluUJ
recqk8z1zQNvhsxTj	rec2oY8QbyzjJzfA3
recqkCGPBBula5QVn	rec5HtKXck5EmWZKY
recqlMmgfHWBL0BPq	recntYri2rgSpylZK
recqnAehvihAQPuyz	recv7EYMOvS3QcQJi
recqnKsYhOtCbgJ1X	recAMrvzBMQbDquWL
recqqgh6YjSI3RGWC	recAZkFm4fXXroDaO
recqs1y4FHbhvvyWV	recViS7dqIMVlM9PS
recqtnWw7Fyd0BoGq	recwONWoihDgRSOg5
recquRLvLA2MQE74p	recp2FR8yXckw9770
recqwB0AxuJSvaeXZ	recrzm7Dy5MTGsHOy
recqwvCvAdaQAaIXm	recCWWtyqFoB8nX1z
recqyPp4pY50Qj35U	recC534YgTjuc346B
recr1Xi1IbEYSEptS	rectK9uK8lgRuxUv9
recr41UlYUKdkSO3O	recmpyJnCh76hTPp6
recr72AAv5S4aj2vU	recsncrPnbwJJMj6Y
recr7alxscR10y8XO	recgiKUXN1TPeJBYy
recr8KCa5AZ5OAC5t	rech7F0NgjQxRpvUB
recr8KMLMrWDc2Veo	recKmKl8QS6BBuM48
recr8fQOmUFfwiTqq	recuE53WZC3a4wwiO
recrEgNyd2Qoq20Xt	recU2WHCaktu7KtuX
recrFoWEGqz5UAvph	recIzZ4d0oYk8jkud
recrHnuNHD5Up3E7h	reckYNi772GAUvFlM
recrI61b7DRjI9Tmx	rectkJeRKV4WkqD7y
recrJ1MEA30sqEpju	recuoMjhZ3zskqQZs
recrJSss2YaflpbvT	recp4q8IXNbW6GnqG
recrJlEpkHraULf8k	recdyJYAXExgPf64h
recrOsmOGuiCHyhPQ	recJf842SbQQ4bDzf
recrYIoM5AXJ9WiaC	recPIAouOj1FQRPhO
recrZQDzj9ExbmZDz	rec1qp20ci4hiCFlB
recrZS5vWJjO5dfyF	recHqrngNOLRPFupF
recrZrME4OZeTAAqT	rec8CGnnAUgIQI6Si
recraUNRv9125yT8f	recfHBGL9pgXfxPQR
recrbxvs56KLpLC5s	recWSuuIb7QBGFUnd
recrgSbXik8DCpwd5	recM9sjhOjTAIOOu8
recrj5leVRPyCxgHC	recoGSe1ue5PpjTU9
recrjD8l2Z79BNKCB	rectepb3pPGrWnNt5
recrjZrvmTvv8e66p	rec3uwkxW2P0t44lX
recrlwArfXkJORlIx	rec3lfrRjtxju9Ft1
recrmIewZMVdeI5lV	recKRsK5NDOXQ06g0
recrnZO80dk0CMm8f	recuP50ELy5Up9Jbh
recrpYhqYkv7xhERy	rec6EPKD9nndEKvLA
recrpk7Glt6mJMKBo	recSK1Qj6chZ9bDF7
recrrijVCXn1aqG3U	recRqeDaRWjP57Tc9
recrtpNVmBot6Pr3B	rechfn87cBKTCVVl3
recrvO1UnpCjGyNDV	rec2ve97UbSwEYUlP
recrwBgPbWQSrH27M	rec9Q4Lv5Q7ggHA5c
recrxGNGFBL74RmMS	recBqoIHhrAJ89BVA
recryOGL9lJYNEEO5	recRRSGDAdgVwX2QW
recryn9etACsLZUHe	recW0zFC2sCtezGnu
recryxRcq2mT5y87u	recjeC2jj6GBGZRSw
recrzfbxolPDKBQ89	rec6yXEXC8o3Clp5d
recs06nU6cm6rv9Jo	recCwHeAJrc0HeqcW
recs0U91qVYdkYWWY	rectecgMwd6chY6RN
recs1ENLYrjUZqbYe	recAENhHOmNCaAKHg
recs4kTgXQ2Pmimpy	recaAEUT27VvyiCZR
recs5bdWU4QLrvJP4	recjeC2jj6GBGZRSw
recs693y0TNwly0tV	recKwHw1p1YY1BOqg
recs7vP0dul6tA4Eq	recOtnxFyIfRuvgs5
recs9sWfWH5p1zv5a	recrBJ9Pg44fhWMY6
recs9xSBkBkEIxw3z	recseG2phivqxREDU
recsA2mN82p88ncb4	recSmgfujnLdADFXC
recsE1uvtfhkcCZ6v	rec49VT8E0IpYZAFn
recsEc56fcSibpUUg	recZ8HXMOSTkFrHx1
recsEvGsm3jHcZIBA	recoZ3qqMrIKfzsMm
recsF1NoePFSEfhyj	recEuYEdeWdeOYj8P
recsFkVPFyhmKjMXh	rec1JWJUQS4flYtGs
recsHfubpIGRf90nc	recv7EYMOvS3QcQJi
recsI9StunufrAzrk	recALTyT593CQ83So
recsIPYxR7K61YcI7	recTnpTWagdlOYWX1
recsKH81qsHBPmLKI	recCAXMhecpXGoGnX
recsN88IG6yPex6pn	recMwrZ5m3ceZzfO7
recsOWHjfRTqddXMG	recFzM7uHvJ0TtmZH
recsOzqluWD8UyajG	rec35l1JJDt3t7uHc
recsQjO0qtE4xMc1r	recYzzIGsA58GATkX
recsQpTtdfu88pNN7	recEKLMw5696dbUtP
recsRPFlC1aefCAfO	recrQTp98IqBmfCSB
recsRqebfF53bMAsZ	recOC9jZjogmIRM3O
recsSvrctmfiAjLbl	recmTSBuc9FPPfZzm
recsUdR5gFN6TkPLd	rec6n3Zi1fq0O05yp
recsYf3j8MM3k5Anv	recKMhS9LrbasJYQc
recsYpnBTzon9n9rc	reciWX91Qx9FpVf1R
recsaE5Z2W68Je7YG	recdouqtCSSXmYMuO
recsbvLzbfDlgpLQU	recAhda0gjHiIjO0H
recsf6ju1LBMWLHmm	recoHQUGmmgHkBj05
recsfvmmqDbeHchFq	recIB3EiWQPj2nBVH
recsgIEVV1P1mLsAE	recMh3INJLk77m6Ew
recsk52Xlm0q4UQng	rec9ZHKb5fwVfd0hE
recsm6tuiizoFYgo2	recEn9s63SGKGuIMP
recso5OcuOHz0yDpQ	recaWQQzcYAzFRzfP
recssbkIKQRWmdoZd	recHYoj1jhyncyatR
recssyZDNTZznWuNT	reck60Z0ItuLXVr86
recstYka7eZbzAL7F	rec7MuBBQQbS7altG
recsuD2llPR2r3QzU	recPGFp4B6FYnQop9
recsvWEad9VzR7oFk	recmpyJnCh76hTPp6
recsw7HMOoZMHxfUs	rec05lSD6p6ElrsIZ
recsyURqoMPJLPMo7	receCmzL1DPS0ytue
rect0ARfF8nxg7alp	recjqDIQIt45PPsar
rect16X603zrtmuN7	recFgglnT8ven8Kx1
rect2Y4r34q9WcjAY	recJNUBNJMxT5dIJv
rect60flUZeOhI172	recjqDIQIt45PPsar
rect9dBLAWt44BwiE	rec1wzIHQvpHjP6XH
rectBW9UJKPvkwItb	recsOvxMPOINT7hDz
rectC6Mh566GMe0wZ	recJCKMcXsOweum3U
rectDpLyHfQOiIiOX	recnvDy5UA5bkC1eq
rectEHU8iChXkNI2U	reciRXktbY4De7kJk
rectFQJnVuUsU499U	recnmG88PcUaxBrKn
rectGnx2Mtp86yxFE	recBziB9CRDDyl9Zk
rectI4lWzGMDVfMYl	recGInPCxfr2XoohJ
rectLPAUN1xAJBJkb	recPBIyWEmLwI5iMT
rectMJieujB5ocn0h	rec5XWd5m2vANIVOp
rectT4o8UgZ4Jo8O7	recvY970lmeR6Rajc
rectTmZ2t8WGddUJt	recBPsV4zB73zgalU
rectYFwYpAuV6mjuG	rec9pMj102u9x8pUL
rectdRdPAS49S0hZg	recuMSX1xZeLWJ9uz
rectdYoGxYDGd7vNx	reczPTerVPu2xgcQn
rectdeUlJgWM9TFEO	recD9v3ClEbOvRJJB
recte7KDFB9v1JX49	recnJxAAb70HWsMmg
rectfLdaSoLXcxKtO	recOtnxFyIfRuvgs5
rectfm3Lzho6oOAd3	recyF0GMau4BIqReq
rectibmHZtVMdQUoB	recZ40ile1tAFNIKS
rectlUleaEDv7vMyI	recEpN028p3EdzFKg
rectmkD2cYARpK17e	recMcVaGW98yjJxTy
rectnruSj3yW1T13B	rec7ZqwXrLcATNMW7
rectpe1Pndd69FJ6v	recI1OYAd45koJWZD
rectqilyxzDj0fVJ6	recgtCecFb2WJKTNS
rectrD1ExPkbZQwCw	recLntdZ6gwyYPnN7
rectt8dKsPf2FGf94	recicnZi1mOy7yS1K
rectwhunVHHlW3hJK	recaky2KT3q30eiE5
rectz9yc6AtyOnAOt	recKSQpHJjZwMiwMo
rectzN00fkNkRlIaO	recd4uJBzm4TI8Ter
recu1LgD4JfIu4j8l	recWhegKHOa4LDBm9
recu3zHHtnW11bct8	reclXtyqaQNU0i89o
recu7MJEgOWC3fGPH	recPBXdcTfWI6s82B
recu95QR36dT1WxNO	recsY2vx1uiDnCi8D
recu9d5e3ySFrZhrF	recHWSq0nLmyJwT5l
recu9w4WqPWPJWNHz	rec8UWFveFkAb4Q7w
recuC6peEeZimNyUp	recQtkM3bU8iZQgo2
recuCvSt4K5mcDEMz	recqxxjuZlxnRobe8
recuDn030hNQpkWXi	rechJEVpIQiGCCrec
recuE0JLTIhDl4Rvk	recOx3PvPWnSiVKcU
recuEFQQhQ3A49UgD	recCxeqsjUmvNOSZW
recuH1NR8xkMDyCuY	recPGamgH4PCDOOwc
recuH3Sd7UbLE3Rdg	recvAq05cXpelP3TZ
recuHSU8tMo09Jjce	recY4azqDp78hfPIZ
recuHjaQXS1nBD24f	recitxClIqWMH82IK
recuHlFaxc3Wt7IeX	recLKCjkaIFmPIVcy
recuMdO3OxKlaGwaV	recOwgbyxd44oqKCV
recuMeaPe76GufbOj	recOipQ597wN19eJ1
recuPWzvdBuqORbos	recYUUYdcWfIm13F8
recuQMPtqGQAzg9Wp	rec49VT8E0IpYZAFn
recuQVuHIZJQT7UrR	recJw9XnyBU2rY9iE
recuTG1yZgI2Bk0B2	recW82mHvkyDx6VwJ
recuUwfJKvt0RigOc	rect8X21ZfamFxcjU
recuW0ZiKJPIdbP1a	recViS7dqIMVlM9PS
recuXRQd5PRB6MrZS	recOnlmebAXAIpmsy
recuYOZKILMePi5sb	recuGGNwEasHPQnEg
recuZMvJeZLg0vH7m	rec2S9fUutDumgDyD
recuaR5205Iw50gbN	reciQT9kB0aBLaXje
recuaaXh1RHZUZ4jd	recHukX0WiiTDukJ4
recuf3oscwVXFikZG	recBIdmnuvjmunoOi
recuhVouKZZvjVpLM	recCaDAU5xFuB2ziK
recuhbeVODQgD7r81	recu596kGfFJicjuU
recuj8wYHprlWu4ZD	recb76tEKbtBpVmwn
recul6XlbXoJVGE0F	recsYNdKcsYzjucXW
recumVML1kHc5R503	recBSRYgg6C4u9Bam
recunNOoT86WmrQHT	rec49VT8E0IpYZAFn
recuoK21aTyopp6WS	recKFdcSOGfEfY8bG
recuomWxS0cODoDcG	recG61A0w2LPOyWit
recupPfO8zMIovTti	recvPrxv2WGYsBgF0
recupQUKvMh8DQ31u	rech6DIFTKnjOds1Z
recuppoif0nc7bE2P	recThUKwk7KzbiVlz
recupvTgjr3J7hypR	recQp0NNyPQCKXXvJ
recuqqhsgrjZuIn9W	recP2B6gH6EAtPS5V
recuryvBYiclRASRG	recnGcDmZj3Fr6Rl8
recuv7d8GzUQ467wO	recIPW28imkgT3FSN
recuwEJCTqIeGUovM	recAFWYeezZTzae5N
recuxP40hxxJjtXAf	recavw8sJ6dIL8R2Z
recuxcMv6F87Herzr	recyMvIuNRzmJu2G9
recuylFQnAefku2ND	rec4En974YxRRhbPT
recuzr2elNtoEbWgL	reckFBxNcMJ9tXrRD
recuzsDdI0WHs3g9L	recAnwIzb4nUGmtj6
recv0AGLW9EWOe5sC	rec3ryby9C4OrrUtF
recv0HTNlLHjrDkWZ	recoBQFE3GDdPtlti
recv13ojuILNcfbSl	recQInvYW7Te88PN2
recv3CsunCswMghP3	recQtkM3bU8iZQgo2
recv3WfG4PzfG8oPE	rec7cAgW8QjQMHvtA
recv65XW2uZV4RovT	recVhYD9FXX4fnVhD
recvA2SZAWSxKHlES	rec6QtHHhHrgEoCTJ
recvAZAnWR6wfvWCc	recVlD6XG1KIv3Wzc
recvC2xa9OvHI2xj0	recQCcqrgXQPo8l5v
recvEdG5dyF7hgSwU	recGXFEpbNAh38e9H
recvHcKTZ6DFCgm7A	recfneaf5yMPi1aT5
recvISh3jb0w2QkCI	recNfO7JW8bNkSpXW
recvIbAQIKtwwKRuE	recF0FYEjubxsilEg
recvJAk8lqsxwiupW	recahN8u1p0g4Fqeh
recvJCvVOPbCJuBOw	recYleaiP2Gm7BKlE
recvKc2MV87LfJG9u	recGhfuMLNRpf6ssw
recvKjT1Lqihb1n1w	recCfIpLb4TiPA0i3
recvLIgeVm7LJ8dUx	recEf1Fr2z17xGWF8
recvLRq37qeyImleO	recBB7mHFwr3tJuqK
recvM0B5ezAkZdrO2	recm1tQIyHysiLHP9
recvMK57JqCGg4oXB	recgwLHNBzrggrGU2
recvMLwspwj7r91x7	recftR3h8u2UJsylJ
recvQJPaBFin3c9Am	recZ8Mu1obgkzVHOi
recvS8PmTpw1yjBZI	rec5UVE4hny0GRUCN
recvTqv9m9WHxcjvQ	recaBctZqkyTUYvkT
recvUgYchK0dUGXJH	rechUaJmObNGJFe3b
recvUnRtdYcUlOqGK	rec0tJrKQ2ICzX1uG
recvVnZNa3HUfK1XP	recc5L2IN73miqbcM
recvVrsshPXW1sDSK	recQ1VWVI60RNh4D0
recvWk54sV6EMnfGy	recTp1R9W83RKr9t5
recvYEh6UgQ30KQhP	rec0YXu7eLmG8eZxf
recvZR8ETNidKDG6h	recR7OOe2cZnqlxRc
recvZpNvoq4UxhVk0	recZAEV4ulktZvQ79
recvdqLlE9TEPIq97	reckcYsAXbpFsde6o
recvdu28glmos7BSt	recyGSjYBnHdNgCP8
recvfIz5l1m6n0TsJ	recwep6InquSrD1pM
recvg0ycPiDf4voqa	rec0fyFymT0rISjMr
recvhrNM387aX0E8l	rec2wv7XOXciJ2ZFy
recvnmNCiIM29Gb4c	recmXSZtxBlgDr5Gy
recvohXpx5XGVDZDB	recf3k8tjJjixTLhq
recvpu98t2MVhVMzs	recOxhjoJOpOWbrsN
recvt8YhOkn9ItmBk	recyGyK4pNH6DsR2r
recvxultWtwKDZWuF	recpjQOoM34oHvjqp
recw5WXky2fp6JTXQ	recuXuW6RayVR8FXL
recw5k1EYMRJIjQLl	recMTLExZuh0AgkhS
recw8VB07GDCsJWGu	recXZEV8atXL54bty
recw9IUWxmr6HpWty	recuisS70skXnliRi
recwB6Xfr5wuYA5MU	rec0I1MZneOQn8YVH
recwBWRlBz3R7oHaX	recTdB1b2Rd3qXWj3
recwBYn9jEPjKjrC9	recHxCiGeuVoHqbid
recwBy61Tr55UUpnp	recnBkXuUTBb0BsXA
recwDj7sK6LIMh1MR	recASEwLoKvUoGZ7d
recwFkDco2U5YzFap	rechwVtIpTp4KBisE
recwKV6vIbWeQsz4d	recw5BMtqhf1Q7e4H
recwOITjZaVV5XBUd	rec9G73EI8Z5V0EWQ
recwOIq545W7t8gTk	recRWSCEFBlUIWzjt
recwQEGgdKzAc8ZNO	recr3xr1cZ0c7i1DO
recwVWT1cE32DAUXD	reclJ23aJVyZSoxF5
recwVWqzebWSQNpKQ	rec7LBIQPa6nXQXSx
recwWKg47RKS9XVjU	recOyfSTPU5KA1XNv
recwYOtKVVDjMSFEn	rec79FcVFFoGIdGj9
recwa3One4gmC7YJ6	recIPW28imkgT3FSN
recwdAzWirbFh5tMc	rec25d0l4Lci3wPK2
recwetqirFbkuNEEP	rec9Khz4ZbPiVIMFu
recwhTUyar0tjFtmt	rech6DIFTKnjOds1Z
recwiQJEXVuaPU4oO	recin6D3Hi9RdnnM0
recwjdPHCWLq773RA	recSOzSXO16IWaoP3
recwl6pelLYclg46r	recbQyeIWfRtlqizh
recwlOGxFMGt8lsEv	recBIdmnuvjmunoOi
recwlbz6IIplnI3ky	recSrjGNFR55z2NeZ
recwmM9U4CoJZgX0R	recsn4wT8FNM3SfuU
recwnvvG2JMMEMgw3	recgfvwBdxmBm9YfY
recwqwCZgtEzSXJb4	recyi8yPfy532CwFV
recws3QBfb20W3H9F	recGg3XOCLe8iUUM1
recwsfUIXvHP609gR	recapi1zG21e7j60S
recwtP0ds4Y7NO5VT	recthqppnOpd6HWk5
recwtVneIWqSjc5mc	recAlLVaCnwem42wd
recwzgKHhLfaLaTJG	recqAHavmWYB50Hin
recwzrW3x7R7bVhIb	recDpL6GRogOzW3kj
recx1ysw9AuxQncKS	recda4lRBOcNF5QEB
recx3ozL6MoqJeix8	rec6y4GNjkJ3nlSKa
recx4r4oVLx4JqDWW	recGtaULD3rAIsIuj
recx6FuFyNyBHzP1V	recrO8CgzBdaPCkBl
recx74KTnFnTzakwP	reccMzFIOoOHhcC6X
recx7Fnp5NZBzZS8X	recFWjEMpM3HL8c9e
recx8zPpVrC6cBh1s	recgXsrroAFhLycAw
recxBsrYCMO7Epykr	recyUoVOJu1VxaGu7
recxE7w1hXQOpH2y2	recFGn876Qs2jGluj
recxFxL3d6rYsjOKk	recyr9Z4FpRdkwNCk
recxI1WKHWhKnwTvW	rechpL6Jclv8AbfBJ
recxIkc7svyP62mpO	recLzEHuR6qEgeUGm
recxKCNmtQDrTxSIE	recjFWUklnLD8pa89
recxKCdFAqI88isaX	recpgNPfIQGCe2Bqc
recxLJDv0DZttQchw	recoCjPaR45j2ylha
recxNzc85VEdcJ2j5	recfzjaZv46oOztq8
recxQwXfyZu83nsRc	recyR5UVuttnMxj4d
recxRMnPJmRZ2jieQ	recLqFZBclHrbeVkg
recxRwAsv6aZv3OQY	recJw7zewRQPtHnwm
recxTFZOYOD7mXYwk	recWNvVw46RxICXnh
recxTa8P1vos7VsXb	recGtaULD3rAIsIuj
recxTdETiCu4kDDRl	reckcYsAXbpFsde6o
recxTtM9vO5aZZGcK	rect1Rzl94eQVrzRp
recxUji6sJAfHZMIm	rec1sjJSS2mv4AXWF
recxXBW1eJ7wWhMC9	recxo29onEKTpg1tt
recxYVnLvu51lVrJk	recFzxhbfX1krHCjg
recxZe53uRTRSvNN9	recuXkHnhBnSjyZT8
recxbWgD8P9k9dl0g	recejPVdmmRIoZ1E3
recxckk8axlT2gSzp	recQemPofxNWPDPhE
recxhLmcJMVa1OVDr	recU3164GUtasljlm
recxn5ZIDyIlbjhYK	recD1BtZefKYwq5mt
recxnuDnjHVuqXoCx	receAXdnwv43aM0Lv
recxo33NRNuB9nSLv	recuk1aCe4K5VWgit
recxppJnDrvZt3Hhw	recZSnwO9scbKeoKM
recxrMamDHtuul1c7	recgx3v8QRlR2FmqB
recxvuYdSfjfPSwKe	recSmsPcRElhpWzb6
recy3qOaQEe8bB8tO	recRWrrl78TvJF9MO
recy4NdgeyZQIT1SG	rec1qp20ci4hiCFlB
recyBIuE0ntv1KkJw	recMOEpoTVc0F68qa
recyDPPVdZC4NiqlI	recLkaY14AGDQEpns
recyH3hHikrhLjEWS	recmyf8u5O8r1Wyv4
recyKThlhvLTu3V9S	recA9wbzlvbHc9G9t
recyLeCJT09kr3jte	recGcOE3l1wFWN1nv
recyNDuxJic9WXctz	reckcYsAXbpFsde6o
recyNuF88dZ9blvFq	recNJmalMiiPR5GNX
recyO6wBkGYYkAkYt	recdLjqaZB6tdoVnF
recyRMQ2VPgJR8Oet	recarLCIiEFELSwMm
recyRjr1dwvGhLFXm	recbLWmQ8x5J6waum
recyS4WDM9xynTdJN	recDoPVkrlaZzq6Dm
recySBthBonrAeOyk	rectQ6SSQ2tZ8RVdA
recyU1EJsEsANYhWm	recfMDrWynOIYcsom
recyUVyjvHhZ03ZRk	recKMl19XuXNCPTvV
recyVVazvVrHRRxiZ	recXBbN7REeIHf33b
recyX3OkS09adVotc	recJw7zewRQPtHnwm
recyXI1iCiYPzDK20	recs9YtrKGKxVgFid
recyXvEi1jgcK7mJT	rectDEdNd06SrBssg
recyaHK9dhEV7FNxB	recZVsM0IsHeZ8mIv
recycsnM5fr5P1rMW	recTo9ZlCw5bGs1Tf
recyffv0VVQ1tjwaK	reckcnnyT3dOEuqRE
recyhY3ixgcdPTs1s	recbt6R6rGtBw7UuR
recyiuY03X3ADuYBo	recfd0MThXzzqcD85
recyoAnVllWP2O6Js	receg5hqbUwl5gsH1
recypuY0jSFgR8JIP	recKVDTig4f7CiwES
recysGFuSMuK8Mrez	recHhaUArLsfO62hA
recysKGcbFidC9am7	recg1KwX7IaZq8Sgn
recz0TEQO48r4dCeI	recGiO2JBdC85U6OJ
recz1rOColOawBJUP	rech4BHVh2UNrG7H9
recz1ySSvBz5iFqyS	recHifljYUUdmbbCU
recz3EzRFXEb8g6Na	rec4Hf8BIxzEUiQ7W
recz3tuxMNZBmTToC	rechB6nXkuuO8qHEr
recz4Fu1Hewnky8fu	recxEWsxahx4fKXW0
recz84kvuQNjdZA7h	recR7TkPAmdCnmIhA
recz9Lp2iHOTYMqAb	recWNvVw46RxICXnh
reczErzSNd7Tt9e8J	recmQkULLTfb0bt4Z
reczKHtYM6gaRN4dR	recXP2Gsclsi04i45
reczMR3wvB0jsNNeV	rec3npbEL7rUxFGYo
reczTVsPYIDGe12u8	recjqDIQIt45PPsar
reczUvdhxNIqDNYzW	recPuPFB4NurOg01w
reczVtqqi7aihFNDF	rec24LvdkyIwccVzG
reczY8u5I0jUvQuhq	reczPTerVPu2xgcQn
reczZN7myuuLZp4hX	rec1qp20ci4hiCFlB
reczZZZK8WSqT2xEY	recMh3INJLk77m6Ew
reczberc2kh3XpXiV	recynKKmFklc09Egf
reczf11HRH4oIJYX3	reciok6ZHiceJUxDC
reczi95PdMmg9sT0I	recqIZ8opW3hEj8G9
recziGyM0cwXJ2x3B	recbIR6sLykx63BZs
recziqp41eew7mJd1	recKCQl0TEuUI7ctT
reczjqqfEeX8AE71B	recfGFD7t4iFnsw1d
reczl7chLR4GnYfLO	recmSp4SfSLwdjI2M
reczlbwo4wqegoeIL	recAZ8CMcsHJRIbvj
reczpitZ84Hccn1vl	recG8olZcbW0GZlNd
reczpoI3iAQCEoFhx	recoljgPoYzGGrrO0
reczppPXN5mc1KaL2	recAFWYeezZTzae5N
reczuqopbt1oUXuuH	recOyfSTPU5KA1XNv
reczw3trekoh2WZ31	reclzJ4e7eakZONG8
reczw4Vt57tAAlL4Y	recUSlpLeQEl4W4DF
reczwBDZkOW3fxqR2	recEaqzG59Q6lpmDB
reczwwdapl1ewyz0V	recfneaf5yMPi1aT5
reczxLRy0hK1wwtos	rec89J9fO4KTpFh0a
reczxglIcb7UEZLjn	recLSmQe02Xg5jrkd
reczyoj1xQ5GcpoPZ	recew8lpA19PmICa8
reczz2LebPBzNIOBu	recTeiYt5OdB7k6So
reczzwuSwCj7XgYpe	recyghKtBbRNaEw4C
